2026-03-17T12:55:08+0300 INFO: Запуск процесса из студии разработки. D:\univer\korporat\PR4_Sopina_RPA_UI_ Problem1_var28\process\Процесс 1.json
2026-03-17T12:55:11+0300 INFO: Старт робота: D:\univer\korporat\PR4_Sopina_RPA_UI_ Problem1_var28\resource\26f067ee-20f9-4c51-8086-1b24ecf48ad6\makPal_496.py
2026-03-17T12:56:40+0300 INFO: Завершение выполнения процесса. D:\univer\korporat\PR4_Sopina_RPA_UI_ Problem1_var28\process\Процесс 1.json
2026-03-17T13:18:47+0300 INFO: Запуск процесса из студии разработки. D:\univer\korporat\PR4_Sopina_RPA_UI_ Problem1_var28\process\Процесс 1.json
2026-03-17T13:18:49+0300 INFO: Старт робота: D:\univer\korporat\PR4_Sopina_RPA_UI_ Problem1_var28\resource\d64636c6-dd97-4071-a11d-0417a0f682a2\makPal_496.py
2026-03-17T13:19:15+0300 INFO: Завершение выполнения процесса. D:\univer\korporat\PR4_Sopina_RPA_UI_ Problem1_var28\process\Процесс 1.json
2026-03-17T13:19:40+0300 INFO: Запуск процесса из студии разработки. D:\univer\korporat\PR4_Sopina_RPA_UI_ Problem1_var28\process\Процесс 1.json
2026-03-17T13:19:42+0300 INFO: Старт робота: D:\univer\korporat\PR4_Sopina_RPA_UI_ Problem1_var28\resource\637b1ed6-96c2-4242-96cc-6f8d1fa0ea69\makPal_496.py
2026-03-17T13:19:54+0300 INFO: Завершение выполнения процесса. D:\univer\korporat\PR4_Sopina_RPA_UI_ Problem1_var28\process\Процесс 1.json
2026-03-17T13:20:03+0300 INFO: Запуск процесса из студии разработки. D:\univer\korporat\PR4_Sopina_RPA_UI_ Problem1_var28\process\Процесс 1.json
2026-03-17T13:20:04+0300 INFO: Старт робота: D:\univer\korporat\PR4_Sopina_RPA_UI_ Problem1_var28\resource\c8f27c8a-773e-4430-a6b6-2972c4945989\makPal_496.py
2026-03-17T13:20:14+0300 INFO: Завершение выполнения процесса. D:\univer\korporat\PR4_Sopina_RPA_UI_ Problem1_var28\process\Процесс 1.json
2026-03-17T13:21:02+0300 INFO: Запуск процесса из студии разработки. D:\univer\korporat\PR4_Sopina_RPA_UI_ Problem1_var28\process\Процесс 1.json
2026-03-17T13:21:03+0300 INFO: Старт робота: D:\univer\korporat\PR4_Sopina_RPA_UI_ Problem1_var28\resource\d3900039-d37b-4cdf-b306-dc7c9c8394a9\makPal_496.py
2026-03-17T13:21:13+0300 INFO: Завершение выполнения процесса. D:\univer\korporat\PR4_Sopina_RPA_UI_ Problem1_var28\process\Процесс 1.json
2026-03-17T13:22:29+0300 INFO: Запуск процесса из студии разработки. D:\univer\korporat\PR4_Sopina_RPA_UI_ Problem1_var28\process\Процесс 1.json
2026-03-17T13:22:30+0300 INFO: Старт робота: D:\univer\korporat\PR4_Sopina_RPA_UI_ Problem1_var28\resource\f974b450-f857-4e37-8ad0-9933a5a2c29e\makPal_496.py
2026-03-17T13:22:38+0300 INFO: Запуск процесса из студии разработки. D:\univer\korporat\PR4_Sopina_RPA_UI_ Problem1_var28\process\Процесс 1.json
2026-03-17T13:22:39+0300 INFO: Старт робота: D:\univer\korporat\PR4_Sopina_RPA_UI_ Problem1_var28\resource\0791dddf-cab1-4ae1-aafd-d819b32e7500\makPal_496.py
2026-03-17T13:22:58+0300 INFO: Завершение выполнения процесса. D:\univer\korporat\PR4_Sopina_RPA_UI_ Problem1_var28\process\Процесс 1.json
2026-03-17T13:24:32+0300 INFO: Запуск процесса из студии разработки. D:\univer\korporat\PR4_Sopina_RPA_UI_ Problem1_var28\process\Процесс 1.json
2026-03-17T13:24:33+0300 INFO: Старт робота: D:\univer\korporat\PR4_Sopina_RPA_UI_ Problem1_var28\resource\c816da22-d956-4038-8fef-bda4857b3762\makPal_496.py
2026-03-17T13:24:38+0300 INFO: Запуск процесса из студии разработки. D:\univer\korporat\PR4_Sopina_RPA_UI_ Problem1_var28\process\Процесс 1.json
2026-03-17T13:24:39+0300 INFO: Старт робота: D:\univer\korporat\PR4_Sopina_RPA_UI_ Problem1_var28\resource\18ef0a5e-daff-4373-ba8d-c8f4228b9833\makPal_496.py
2026-03-17T13:25:46+0300 INFO: Запуск процесса из студии разработки. D:\univer\korporat\PR4_Sopina_RPA_UI_ Problem1_var28\process\Процесс 1.json
2026-03-17T13:25:47+0300 INFO: Старт робота: D:\univer\korporat\PR4_Sopina_RPA_UI_ Problem1_var28\resource\e0f50658-c3da-4e0c-8ec4-cd56f9c0fc26\makPal_496.py
2026-03-17T13:26:55+0300 INFO: Запуск процесса из студии разработки. D:\univer\korporat\PR4_Sopina_RPA_UI_ Problem1_var28\process\Процесс 1.json
2026-03-17T13:26:56+0300 INFO: Старт робота: D:\univer\korporat\PR4_Sopina_RPA_UI_ Problem1_var28\resource\7c492439-1410-4d94-bf16-b74d2eae5c8a\makPal_496.py
2026-03-17T13:27:14+0300 INFO: Завершение выполнения процесса. D:\univer\korporat\PR4_Sopina_RPA_UI_ Problem1_var28\process\Процесс 1.json
2026-03-17T13:27:52+0300 INFO: Завершение выполнения процесса. D:\univer\korporat\PR4_Sopina_RPA_UI_ Problem1_var28\process\Процесс 1.json
2026-03-17T13:27:53+0300 INFO: Завершение выполнения процесса. D:\univer\korporat\PR4_Sopina_RPA_UI_ Problem1_var28\process\Процесс 1.json
2026-03-17T13:27:55+0300 INFO: Завершение выполнения процесса. D:\univer\korporat\PR4_Sopina_RPA_UI_ Problem1_var28\process\Процесс 1.json
2026-03-17T13:27:56+0300 INFO: Завершение выполнения процесса. D:\univer\korporat\PR4_Sopina_RPA_UI_ Problem1_var28\process\Процесс 1.json
2026-03-17T13:28:06+0300 INFO: Запуск процесса из студии разработки. D:\univer\korporat\PR4_Sopina_RPA_UI_ Problem1_var28\process\Процесс 1.json
2026-03-17T13:28:08+0300 INFO: Старт робота: D:\univer\korporat\PR4_Sopina_RPA_UI_ Problem1_var28\resource\69bd5538-a971-4fe8-ad9f-7c0ef306be36\makPal_496.py
2026-03-17T13:28:19+0300 INFO: Завершение выполнения процесса. D:\univer\korporat\PR4_Sopina_RPA_UI_ Problem1_var28\process\Процесс 1.json
2026-03-17T13:28:21+0300 INFO: Запуск процесса из студии разработки. D:\univer\korporat\PR4_Sopina_RPA_UI_ Problem1_var28\process\Процесс 1.json
2026-03-17T13:28:22+0300 INFO: Старт робота: D:\univer\korporat\PR4_Sopina_RPA_UI_ Problem1_var28\resource\6d448374-42c4-47bc-9880-b692fe2b45ab\makPal_496.py
2026-03-17T13:28:29+0300 INFO: Завершение выполнения процесса. D:\univer\korporat\PR4_Sopina_RPA_UI_ Problem1_var28\process\Процесс 1.json
2026-03-17T13:28:45+0300 INFO: Запуск процесса из студии разработки. D:\univer\korporat\PR4_Sopina_RPA_UI_ Problem1_var28\process\Процесс 1.json
2026-03-17T13:28:47+0300 INFO: Старт робота: D:\univer\korporat\PR4_Sopina_RPA_UI_ Problem1_var28\resource\99c9fdbb-905a-4630-8555-c2d2582523b0\makPal_496.py
2026-03-17T13:28:55+0300 INFO: Завершение выполнения процесса. D:\univer\korporat\PR4_Sopina_RPA_UI_ Problem1_var28\process\Процесс 1.json
2026-03-17T13:29:51+0300 INFO: Запуск процесса из студии разработки. D:\univer\korporat\PR4_Sopina_RPA_UI_ Problem1_var28\process\Процесс 1.json
2026-03-17T13:29:52+0300 INFO: Старт робота: D:\univer\korporat\PR4_Sopina_RPA_UI_ Problem1_var28\resource\4e813842-0733-4a5d-877b-fd311ba2a02c\makPal_496.py
2026-03-17T13:30:03+0300 INFO: Завершение выполнения процесса. D:\univer\korporat\PR4_Sopina_RPA_UI_ Problem1_var28\process\Процесс 1.json
2026-03-17T13:30:17+0300 INFO: Запуск процесса из студии разработки. D:\univer\korporat\PR4_Sopina_RPA_UI_ Problem1_var28\process\Процесс 1.json
2026-03-17T13:30:19+0300 INFO: Старт робота: D:\univer\korporat\PR4_Sopina_RPA_UI_ Problem1_var28\resource\edccab4b-9187-4f92-a968-433e38c67a8f\makPal_496.py
2026-03-17T13:30:25+0300 INFO: Завершение выполнения процесса. D:\univer\korporat\PR4_Sopina_RPA_UI_ Problem1_var28\process\Процесс 1.json
2026-03-17T13:35:43+0300 INFO: Запуск процесса из студии разработки. D:\univer\korporat\PR4_Sopina_RPA_UI_ Problem1_var28\process\Процесс 1.json
2026-03-17T13:35:45+0300 INFO: Старт робота: D:\univer\korporat\PR4_Sopina_RPA_UI_ Problem1_var28\resource\b4b6f8cf-9a1d-4b74-b3c6-4f626a530896\makPal_496.py
2026-03-17T13:35:51+0300 INFO: Завершение работы робота: D:\univer\korporat\PR4_Sopina_RPA_UI_ Problem1_var28\resource\b4b6f8cf-9a1d-4b74-b3c6-4f626a530896\makPal_496.py
2026-03-17T13:35:52+0300 INFO: Завершение выполнения процесса. D:\univer\korporat\PR4_Sopina_RPA_UI_ Problem1_var28\process\Процесс 1.json
2026-03-17T13:35:52+0300 INFO: Запуск процесса из студии разработки. D:\univer\korporat\PR4_Sopina_RPA_UI_ Problem1_var28\process\Процесс 1.json
2026-03-17T13:35:54+0300 INFO: Старт робота: D:\univer\korporat\PR4_Sopina_RPA_UI_ Problem1_var28\resource\229a3b81-3690-4fd7-aa7e-008d01859eb4\makPal_496.py
2026-03-17T13:36:07+0300 INFO: Завершение работы робота: D:\univer\korporat\PR4_Sopina_RPA_UI_ Problem1_var28\resource\229a3b81-3690-4fd7-aa7e-008d01859eb4\makPal_496.py
2026-03-17T13:36:08+0300 INFO: Завершение выполнения процесса. D:\univer\korporat\PR4_Sopina_RPA_UI_ Problem1_var28\process\Процесс 1.json
2026-03-17T13:39:28+0300 INFO: Запуск процесса из студии разработки. D:\univer\korporat\PR4_Sopina_RPA_UI_ Problem1_var28\process\Процесс 1.json
2026-03-17T13:39:30+0300 INFO: Старт робота: D:\univer\korporat\PR4_Sopina_RPA_UI_ Problem1_var28\resource\8b916906-5881-49e6-a795-5023072a891e\makPal_496.py
2026-03-17T13:39:48+0300 INFO: Завершение работы робота: D:\univer\korporat\PR4_Sopina_RPA_UI_ Problem1_var28\resource\8b916906-5881-49e6-a795-5023072a891e\makPal_496.py
2026-03-17T13:39:49+0300 INFO: Завершение выполнения процесса. D:\univer\korporat\PR4_Sopina_RPA_UI_ Problem1_var28\process\Процесс 1.json
2026-03-17T13:40:12+0300 INFO: Запуск процесса из студии разработки. D:\univer\korporat\PR4_Sopina_RPA_UI_ Problem1_var28\process\Процесс 1.json
2026-03-17T13:40:14+0300 INFO: Старт робота: D:\univer\korporat\PR4_Sopina_RPA_UI_ Problem1_var28\resource\6aa777d9-ed60-4779-a74d-78419954d06b\makPal_496.py
2026-03-17T13:40:31+0300 INFO: Завершение работы робота: D:\univer\korporat\PR4_Sopina_RPA_UI_ Problem1_var28\resource\6aa777d9-ed60-4779-a74d-78419954d06b\makPal_496.py
2026-03-17T13:40:32+0300 INFO: Завершение выполнения процесса. D:\univer\korporat\PR4_Sopina_RPA_UI_ Problem1_var28\process\Процесс 1.json
2026-03-17T17:11:45+0300 INFO: Запуск процесса из студии разработки. D:\univer\korporat\PR4_Sopina_RPA_UI_ Problem1_var28\process\Процесс 1.json
2026-03-17T17:11:47+0300 INFO: Старт робота: D:\univer\korporat\PR4_Sopina_RPA_UI_ Problem1_var28\resource\8e60290d-0ed7-40d1-81a9-2c795be249c3\makPal_496.py
2026-03-17T17:12:14+0300 INFO: Завершение работы робота: D:\univer\korporat\PR4_Sopina_RPA_UI_ Problem1_var28\resource\8e60290d-0ed7-40d1-81a9-2c795be249c3\makPal_496.py
2026-03-17T17:12:14+0300 INFO: Завершение выполнения процесса. D:\univer\korporat\PR4_Sopina_RPA_UI_ Problem1_var28\process\Процесс 1.json
2026-03-17T17:12:16+0300 INFO: Запуск процесса из студии разработки. D:\univer\korporat\PR4_Sopina_RPA_UI_ Problem1_var28\process\Процесс 1.json
2026-03-17T17:12:16+0300 INFO: Старт робота: D:\univer\korporat\PR4_Sopina_RPA_UI_ Problem1_var28\resource\f3171778-c5df-44d8-bebb-72057960f7d5\makPal_496.py
2026-03-17T17:12:44+0300 INFO: Завершение работы робота: D:\univer\korporat\PR4_Sopina_RPA_UI_ Problem1_var28\resource\f3171778-c5df-44d8-bebb-72057960f7d5\makPal_496.py
2026-03-17T17:12:45+0300 INFO: Завершение выполнения процесса. D:\univer\korporat\PR4_Sopina_RPA_UI_ Problem1_var28\process\Процесс 1.json
