2026-03-17T12:55:08+0300 INFO: Запуск процесса из студии разработки. D:\univer\korporat\PR4_Sopina_RPA_UI_ Problem1_var28\process\Процесс 1.json
2026-03-17T12:55:11+0300 INFO: Старт робота: D:\univer\korporat\PR4_Sopina_RPA_UI_ Problem1_var28\resource\26f067ee-20f9-4c51-8086-1b24ecf48ad6\makPal_496.py
2026-03-17T12:56:40+0300 INFO: Завершение выполнения процесса. D:\univer\korporat\PR4_Sopina_RPA_UI_ Problem1_var28\process\Процесс 1.json
2026-03-17T13:18:47+0300 INFO: Запуск процесса из студии разработки. D:\univer\korporat\PR4_Sopina_RPA_UI_ Problem1_var28\process\Процесс 1.json
2026-03-17T13:18:49+0300 INFO: Старт робота: D:\univer\korporat\PR4_Sopina_RPA_UI_ Problem1_var28\resource\d64636c6-dd97-4071-a11d-0417a0f682a2\makPal_496.py
2026-03-17T13:19:15+0300 INFO: Завершение выполнения процесса. D:\univer\korporat\PR4_Sopina_RPA_UI_ Problem1_var28\process\Процесс 1.json
2026-03-17T13:19:40+0300 INFO: Запуск процесса из студии разработки. D:\univer\korporat\PR4_Sopina_RPA_UI_ Problem1_var28\process\Процесс 1.json
2026-03-17T13:19:42+0300 INFO: Старт робота: D:\univer\korporat\PR4_Sopina_RPA_UI_ Problem1_var28\resource\637b1ed6-96c2-4242-96cc-6f8d1fa0ea69\makPal_496.py
2026-03-17T13:19:54+0300 INFO: Завершение выполнения процесса. D:\univer\korporat\PR4_Sopina_RPA_UI_ Problem1_var28\process\Процесс 1.json
2026-03-17T13:20:03+0300 INFO: Запуск процесса из студии разработки. D:\univer\korporat\PR4_Sopina_RPA_UI_ Problem1_var28\process\Процесс 1.json
2026-03-17T13:20:04+0300 INFO: Старт робота: D:\univer\korporat\PR4_Sopina_RPA_UI_ Problem1_var28\resource\c8f27c8a-773e-4430-a6b6-2972c4945989\makPal_496.py
2026-03-17T13:20:14+0300 INFO: Завершение выполнения процесса. D:\univer\korporat\PR4_Sopina_RPA_UI_ Problem1_var28\process\Процесс 1.json
2026-03-17T13:21:02+0300 INFO: Запуск процесса из студии разработки. D:\univer\korporat\PR4_Sopina_RPA_UI_ Problem1_var28\process\Процесс 1.json
2026-03-17T13:21:03+0300 INFO: Старт робота: D:\univer\korporat\PR4_Sopina_RPA_UI_ Problem1_var28\resource\d3900039-d37b-4cdf-b306-dc7c9c8394a9\makPal_496.py
2026-03-17T13:21:13+0300 INFO: Завершение выполнения процесса. D:\univer\korporat\PR4_Sopina_RPA_UI_ Problem1_var28\process\Процесс 1.json
2026-03-17T13:22:29+0300 INFO: Запуск процесса из студии разработки. D:\univer\korporat\PR4_Sopina_RPA_UI_ Problem1_var28\process\Процесс 1.json
2026-03-17T13:22:30+0300 INFO: Старт робота: D:\univer\korporat\PR4_Sopina_RPA_UI_ Problem1_var28\resource\f974b450-f857-4e37-8ad0-9933a5a2c29e\makPal_496.py
2026-03-17T13:22:38+0300 INFO: Запуск процесса из студии разработки. D:\univer\korporat\PR4_Sopina_RPA_UI_ Problem1_var28\process\Процесс 1.json
2026-03-17T13:22:39+0300 INFO: Старт робота: D:\univer\korporat\PR4_Sopina_RPA_UI_ Problem1_var28\resource\0791dddf-cab1-4ae1-aafd-d819b32e7500\makPal_496.py
2026-03-17T13:22:58+0300 INFO: Завершение выполнения процесса. D:\univer\korporat\PR4_Sopina_RPA_UI_ Problem1_var28\process\Процесс 1.json
2026-03-17T13:24:32+0300 INFO: Запуск процесса из студии разработки. D:\univer\korporat\PR4_Sopina_RPA_UI_ Problem1_var28\process\Процесс 1.json
2026-03-17T13:24:33+0300 INFO: Старт робота: D:\univer\korporat\PR4_Sopina_RPA_UI_ Problem1_var28\resource\c816da22-d956-4038-8fef-bda4857b3762\makPal_496.py
2026-03-17T13:24:38+0300 INFO: Запуск процесса из студии разработки. D:\univer\korporat\PR4_Sopina_RPA_UI_ Problem1_var28\process\Процесс 1.json
2026-03-17T13:24:39+0300 INFO: Старт робота: D:\univer\korporat\PR4_Sopina_RPA_UI_ Problem1_var28\resource\18ef0a5e-daff-4373-ba8d-c8f4228b9833\makPal_496.py
2026-03-17T13:25:46+0300 INFO: Запуск процесса из студии разработки. D:\univer\korporat\PR4_Sopina_RPA_UI_ Problem1_var28\process\Процесс 1.json
2026-03-17T13:25:47+0300 INFO: Старт робота: D:\univer\korporat\PR4_Sopina_RPA_UI_ Problem1_var28\resource\e0f50658-c3da-4e0c-8ec4-cd56f9c0fc26\makPal_496.py
2026-03-17T13:26:55+0300 INFO: Запуск процесса из студии разработки. D:\univer\korporat\PR4_Sopina_RPA_UI_ Problem1_var28\process\Процесс 1.json
2026-03-17T13:26:56+0300 INFO: Старт робота: D:\univer\korporat\PR4_Sopina_RPA_UI_ Problem1_var28\resource\7c492439-1410-4d94-bf16-b74d2eae5c8a\makPal_496.py
2026-03-17T13:27:14+0300 INFO: Завершение выполнения процесса. D:\univer\korporat\PR4_Sopina_RPA_UI_ Problem1_var28\process\Процесс 1.json
2026-03-17T13:27:52+0300 INFO: Завершение выполнения процесса. D:\univer\korporat\PR4_Sopina_RPA_UI_ Problem1_var28\process\Процесс 1.json
2026-03-17T13:27:53+0300 INFO: Завершение выполнения процесса. D:\univer\korporat\PR4_Sopina_RPA_UI_ Problem1_var28\process\Процесс 1.json
2026-03-17T13:27:55+0300 INFO: Завершение выполнения процесса. D:\univer\korporat\PR4_Sopina_RPA_UI_ Problem1_var28\process\Процесс 1.json
2026-03-17T13:27:56+0300 INFO: Завершение выполнения процесса. D:\univer\korporat\PR4_Sopina_RPA_UI_ Problem1_var28\process\Процесс 1.json
2026-03-17T13:28:06+0300 INFO: Запуск процесса из студии разработки. D:\univer\korporat\PR4_Sopina_RPA_UI_ Problem1_var28\process\Процесс 1.json
2026-03-17T13:28:08+0300 INFO: Старт робота: D:\univer\korporat\PR4_Sopina_RPA_UI_ Problem1_var28\resource\69bd5538-a971-4fe8-ad9f-7c0ef306be36\makPal_496.py
2026-03-17T13:28:19+0300 INFO: Завершение выполнения процесса. D:\univer\korporat\PR4_Sopina_RPA_UI_ Problem1_var28\process\Процесс 1.json
2026-03-17T13:28:21+0300 INFO: Запуск процесса из студии разработки. D:\univer\korporat\PR4_Sopina_RPA_UI_ Problem1_var28\process\Процесс 1.json
2026-03-17T13:28:22+0300 INFO: Старт робота: D:\univer\korporat\PR4_Sopina_RPA_UI_ Problem1_var28\resource\6d448374-42c4-47bc-9880-b692fe2b45ab\makPal_496.py
2026-03-17T13:28:29+0300 INFO: Завершение выполнения процесса. D:\univer\korporat\PR4_Sopina_RPA_UI_ Problem1_var28\process\Процесс 1.json
2026-03-17T13:28:45+0300 INFO: Запуск процесса из студии разработки. D:\univer\korporat\PR4_Sopina_RPA_UI_ Problem1_var28\process\Процесс 1.json
2026-03-17T13:28:47+0300 INFO: Старт робота: D:\univer\korporat\PR4_Sopina_RPA_UI_ Problem1_var28\resource\99c9fdbb-905a-4630-8555-c2d2582523b0\makPal_496.py
2026-03-17T13:28:55+0300 INFO: Завершение выполнения процесса. D:\univer\korporat\PR4_Sopina_RPA_UI_ Problem1_var28\process\Процесс 1.json
2026-03-17T13:29:51+0300 INFO: Запуск процесса из студии разработки. D:\univer\korporat\PR4_Sopina_RPA_UI_ Problem1_var28\process\Процесс 1.json
2026-03-17T13:29:52+0300 INFO: Старт робота: D:\univer\korporat\PR4_Sopina_RPA_UI_ Problem1_var28\resource\4e813842-0733-4a5d-877b-fd311ba2a02c\makPal_496.py
2026-03-17T13:30:03+0300 INFO: Завершение выполнения процесса. D:\univer\korporat\PR4_Sopina_RPA_UI_ Problem1_var28\process\Процесс 1.json
2026-03-17T13:30:17+0300 INFO: Запуск процесса из студии разработки. D:\univer\korporat\PR4_Sopina_RPA_UI_ Problem1_var28\process\Процесс 1.json
2026-03-17T13:30:19+0300 INFO: Старт робота: D:\univer\korporat\PR4_Sopina_RPA_UI_ Problem1_var28\resource\edccab4b-9187-4f92-a968-433e38c67a8f\makPal_496.py
2026-03-17T13:30:25+0300 INFO: Завершение выполнения процесса. D:\univer\korporat\PR4_Sopina_RPA_UI_ Problem1_var28\process\Процесс 1.json
2026-03-17T13:35:43+0300 INFO: Запуск процесса из студии разработки. D:\univer\korporat\PR4_Sopina_RPA_UI_ Problem1_var28\process\Процесс 1.json
2026-03-17T13:35:45+0300 INFO: Старт робота: D:\univer\korporat\PR4_Sopina_RPA_UI_ Problem1_var28\resource\b4b6f8cf-9a1d-4b74-b3c6-4f626a530896\makPal_496.py
2026-03-17T13:35:51+0300 INFO: Завершение работы робота: D:\univer\korporat\PR4_Sopina_RPA_UI_ Problem1_var28\resource\b4b6f8cf-9a1d-4b74-b3c6-4f626a530896\makPal_496.py
2026-03-17T13:35:52+0300 INFO: Завершение выполнения процесса. D:\univer\korporat\PR4_Sopina_RPA_UI_ Problem1_var28\process\Процесс 1.json
2026-03-17T13:35:52+0300 INFO: Запуск процесса из студии разработки. D:\univer\korporat\PR4_Sopina_RPA_UI_ Problem1_var28\process\Процесс 1.json
2026-03-17T13:35:54+0300 INFO: Старт робота: D:\univer\korporat\PR4_Sopina_RPA_UI_ Problem1_var28\resource\229a3b81-3690-4fd7-aa7e-008d01859eb4\makPal_496.py
2026-03-17T13:36:07+0300 INFO: Завершение работы робота: D:\univer\korporat\PR4_Sopina_RPA_UI_ Problem1_var28\resource\229a3b81-3690-4fd7-aa7e-008d01859eb4\makPal_496.py
2026-03-17T13:36:08+0300 INFO: Завершение выполнения процесса. D:\univer\korporat\PR4_Sopina_RPA_UI_ Problem1_var28\process\Процесс 1.json
2026-03-17T13:39:28+0300 INFO: Запуск процесса из студии разработки. D:\univer\korporat\PR4_Sopina_RPA_UI_ Problem1_var28\process\Процесс 1.json
2026-03-17T13:39:30+0300 INFO: Старт робота: D:\univer\korporat\PR4_Sopina_RPA_UI_ Problem1_var28\resource\8b916906-5881-49e6-a795-5023072a891e\makPal_496.py
2026-03-17T13:39:48+0300 INFO: Завершение работы робота: D:\univer\korporat\PR4_Sopina_RPA_UI_ Problem1_var28\resource\8b916906-5881-49e6-a795-5023072a891e\makPal_496.py
2026-03-17T13:39:49+0300 INFO: Завершение выполнения процесса. D:\univer\korporat\PR4_Sopina_RPA_UI_ Problem1_var28\process\Процесс 1.json
2026-03-17T13:40:12+0300 INFO: Запуск процесса из студии разработки. D:\univer\korporat\PR4_Sopina_RPA_UI_ Problem1_var28\process\Процесс 1.json
2026-03-17T13:40:14+0300 INFO: Старт робота: D:\univer\korporat\PR4_Sopina_RPA_UI_ Problem1_var28\resource\6aa777d9-ed60-4779-a74d-78419954d06b\makPal_496.py
2026-03-17T13:40:31+0300 INFO: Завершение работы робота: D:\univer\korporat\PR4_Sopina_RPA_UI_ Problem1_var28\resource\6aa777d9-ed60-4779-a74d-78419954d06b\makPal_496.py
2026-03-17T13:40:32+0300 INFO: Завершение выполнения процесса. D:\univer\korporat\PR4_Sopina_RPA_UI_ Problem1_var28\process\Процесс 1.json
2026-03-17T14:24:08+0300 INFO: Запуск процесса из студии разработки. D:\univer\korporat\PR4_Sopina_RPA_UI_ Problem2_var28\process\Процесс 1.json
2026-03-17T14:24:11+0300 INFO: Старт робота: D:\univer\korporat\PR4_Sopina_RPA_UI_ Problem2_var28\resource\712eb138-5255-45e3-8496-543e78944a51\makPal_496.py
2026-03-17T14:24:35+0300 INFO: Завершение работы робота: D:\univer\korporat\PR4_Sopina_RPA_UI_ Problem2_var28\resource\712eb138-5255-45e3-8496-543e78944a51\makPal_496.py
2026-03-17T14:24:35+0300 INFO: Завершение выполнения процесса. D:\univer\korporat\PR4_Sopina_RPA_UI_ Problem2_var28\process\Процесс 1.json
2026-03-17T14:33:15+0300 INFO: Запуск процесса из студии разработки. D:\univer\korporat\PR4_Sopina_RPA_UI_ Problem2_var28\process\Процесс 1.json
2026-03-17T14:33:17+0300 INFO: Старт робота: D:\univer\korporat\PR4_Sopina_RPA_UI_ Problem2_var28\resource\92b5e767-ee71-4f06-b9fc-440cebb0797b\makPal_496.py
2026-03-17T14:33:34+0300 INFO: Завершение работы робота: D:\univer\korporat\PR4_Sopina_RPA_UI_ Problem2_var28\resource\92b5e767-ee71-4f06-b9fc-440cebb0797b\makPal_496.py
2026-03-17T14:33:35+0300 INFO: Завершение выполнения процесса. D:\univer\korporat\PR4_Sopina_RPA_UI_ Problem2_var28\process\Процесс 1.json
2026-03-17T14:33:47+0300 INFO: Запуск процесса из студии разработки. D:\univer\korporat\PR4_Sopina_RPA_UI_ Problem2_var28\process\Процесс 1.json
2026-03-17T14:33:49+0300 INFO: Старт робота: D:\univer\korporat\PR4_Sopina_RPA_UI_ Problem2_var28\resource\7f466974-1dce-4bb7-b540-628289d0b4ce\makPal_496.py
2026-03-17T14:35:01+0300 Cannot read properties of undefined (reading 'match')
2026-03-17T14:35:01+0300 ERROR: Завершение выполнения процесса. D:\univer\korporat\PR4_Sopina_RPA_UI_ Problem2_var28\process\Процесс 1.json
2026-03-17T14:35:02+0300 INFO: Запуск процесса из студии разработки. D:\univer\korporat\PR4_Sopina_RPA_UI_ Problem2_var28\process\Процесс 1.json
2026-03-17T14:35:04+0300 INFO: Старт робота: D:\univer\korporat\PR4_Sopina_RPA_UI_ Problem2_var28\resource\8fe5ed80-7727-40ac-b240-e4b404c6439d\makPal_496.py
2026-03-17T14:35:37+0300 Cannot read properties of undefined (reading 'match')
2026-03-17T14:35:37+0300 ERROR: Завершение выполнения процесса. D:\univer\korporat\PR4_Sopina_RPA_UI_ Problem2_var28\process\Процесс 1.json
2026-03-17T14:37:04+0300 INFO: Запуск процесса из студии разработки. D:\univer\korporat\PR4_Sopina_RPA_UI_ Problem2_var28\process\Процесс 1.json
2026-03-17T14:37:06+0300 INFO: Старт робота: D:\univer\korporat\PR4_Sopina_RPA_UI_ Problem2_var28\resource\32f50433-a59a-4ac9-bf65-9613b631c29a\makPal_496.py
2026-03-17T14:37:29+0300 INFO: Завершение работы робота: D:\univer\korporat\PR4_Sopina_RPA_UI_ Problem2_var28\resource\32f50433-a59a-4ac9-bf65-9613b631c29a\makPal_496.py
2026-03-17T14:37:29+0300 INFO: Завершение выполнения процесса. D:\univer\korporat\PR4_Sopina_RPA_UI_ Problem2_var28\process\Процесс 1.json
2026-03-17T14:37:37+0300 INFO: Запуск процесса из студии разработки. D:\univer\korporat\PR4_Sopina_RPA_UI_ Problem2_var28\process\Процесс 1.json
2026-03-17T14:37:39+0300 INFO: Старт робота: D:\univer\korporat\PR4_Sopina_RPA_UI_ Problem2_var28\resource\79f933f8-c756-4861-9f59-0ae951461ee4\makPal_496.py
2026-03-17T14:37:49+0300 INFO: Завершение работы робота: D:\univer\korporat\PR4_Sopina_RPA_UI_ Problem2_var28\resource\79f933f8-c756-4861-9f59-0ae951461ee4\makPal_496.py
2026-03-17T14:37:50+0300 INFO: Завершение выполнения процесса. D:\univer\korporat\PR4_Sopina_RPA_UI_ Problem2_var28\process\Процесс 1.json
2026-03-17T14:41:16+0300 INFO: Запуск процесса из студии разработки. D:\univer\korporat\PR4_Sopina_RPA_UI_ Problem2_var28\process\Процесс 1.json
2026-03-17T14:41:18+0300 INFO: Старт робота: D:\univer\korporat\PR4_Sopina_RPA_UI_ Problem2_var28\resource\c648a4c5-37fd-445b-93c9-e95a47c034fd\makPal_496.py
2026-03-17T14:41:34+0300 INFO: Завершение работы робота: D:\univer\korporat\PR4_Sopina_RPA_UI_ Problem2_var28\resource\c648a4c5-37fd-445b-93c9-e95a47c034fd\makPal_496.py
2026-03-17T14:41:35+0300 INFO: Завершение выполнения процесса. D:\univer\korporat\PR4_Sopina_RPA_UI_ Problem2_var28\process\Процесс 1.json
2026-03-17T14:45:18+0300 INFO: Запуск процесса из студии разработки. D:\univer\korporat\PR4_Sopina_RPA_UI_ Problem2_var28\process\Процесс 1.json
2026-03-17T14:45:20+0300 INFO: Старт робота: D:\univer\korporat\PR4_Sopina_RPA_UI_ Problem2_var28\resource\f0a9ed36-56a2-40d1-95ac-8cde25f37440\makPal_496.py
2026-03-17T14:45:39+0300 INFO: Завершение работы робота: D:\univer\korporat\PR4_Sopina_RPA_UI_ Problem2_var28\resource\f0a9ed36-56a2-40d1-95ac-8cde25f37440\makPal_496.py
2026-03-17T14:45:40+0300 INFO: Завершение выполнения процесса. D:\univer\korporat\PR4_Sopina_RPA_UI_ Problem2_var28\process\Процесс 1.json
2026-03-17T14:46:02+0300 INFO: Запуск процесса из студии разработки. D:\univer\korporat\PR4_Sopina_RPA_UI_ Problem2_var28\process\Процесс 1.json
2026-03-17T14:46:04+0300 INFO: Старт робота: D:\univer\korporat\PR4_Sopina_RPA_UI_ Problem2_var28\resource\7d34c26a-bcf9-438e-a398-89ef0d3ac5aa\makPal_496.py
2026-03-17T14:50:51+0300 INFO: Запуск процесса из студии разработки. D:\univer\korporat\PR4_Sopina_RPA_UI_ Problem2_var28\process\Процесс 1.json
2026-03-17T14:50:52+0300 INFO: Старт робота: D:\univer\korporat\PR4_Sopina_RPA_UI_ Problem2_var28\resource\c7a17e27-e7b7-4bc9-af7f-24bedbd66248\makPal_496.py
2026-03-17T14:51:16+0300 INFO: Завершение работы робота: D:\univer\korporat\PR4_Sopina_RPA_UI_ Problem2_var28\resource\c7a17e27-e7b7-4bc9-af7f-24bedbd66248\makPal_496.py
2026-03-17T14:51:17+0300 INFO: Завершение выполнения процесса. D:\univer\korporat\PR4_Sopina_RPA_UI_ Problem2_var28\process\Процесс 1.json
2026-03-17T14:51:38+0300 INFO: Запуск процесса из студии разработки. D:\univer\korporat\PR4_Sopina_RPA_UI_ Problem2_var28\process\Процесс 1.json
2026-03-17T14:51:39+0300 INFO: Старт робота: D:\univer\korporat\PR4_Sopina_RPA_UI_ Problem2_var28\resource\8e55364e-9074-45ba-b602-b0b8b2934387\makPal_496.py
2026-03-17T14:51:52+0300 INFO: Завершение работы робота: D:\univer\korporat\PR4_Sopina_RPA_UI_ Problem2_var28\resource\8e55364e-9074-45ba-b602-b0b8b2934387\makPal_496.py
2026-03-17T14:51:53+0300 INFO: Завершение выполнения процесса. D:\univer\korporat\PR4_Sopina_RPA_UI_ Problem2_var28\process\Процесс 1.json
2026-03-17T14:52:09+0300 INFO: Запуск процесса из студии разработки. D:\univer\korporat\PR4_Sopina_RPA_UI_ Problem2_var28\process\Процесс 1.json
2026-03-17T14:52:10+0300 INFO: Старт робота: D:\univer\korporat\PR4_Sopina_RPA_UI_ Problem2_var28\resource\638cac14-d024-4499-86d0-dca3709ac07b\makPal_496.py
2026-03-17T14:52:19+0300 INFO: Завершение работы робота: D:\univer\korporat\PR4_Sopina_RPA_UI_ Problem2_var28\resource\638cac14-d024-4499-86d0-dca3709ac07b\makPal_496.py
2026-03-17T14:52:20+0300 INFO: Завершение выполнения процесса. D:\univer\korporat\PR4_Sopina_RPA_UI_ Problem2_var28\process\Процесс 1.json
2026-03-17T14:53:09+0300 INFO: Завершение выполнения процесса. D:\univer\korporat\PR4_Sopina_RPA_UI_ Problem2_var28\process\Процесс 1.json
2026-03-17T14:55:12+0300 INFO: Запуск процесса из студии разработки. D:\univer\korporat\PR4_Sopina_RPA_UI_ Problem2_var28\process\Процесс 1.json
2026-03-17T14:55:14+0300 INFO: Старт робота: D:\univer\korporat\PR4_Sopina_RPA_UI_ Problem2_var28\resource\ab4a742e-6759-481b-9417-6ca6b6213bd8\makPal_496.py
2026-03-17T14:56:28+0300 INFO: Завершение работы робота: D:\univer\korporat\PR4_Sopina_RPA_UI_ Problem2_var28\resource\ab4a742e-6759-481b-9417-6ca6b6213bd8\makPal_496.py
2026-03-17T14:56:29+0300 INFO: Завершение выполнения процесса. D:\univer\korporat\PR4_Sopina_RPA_UI_ Problem2_var28\process\Процесс 1.json
2026-03-17T15:00:12+0300 INFO: Запуск процесса из студии разработки. D:\univer\korporat\PR4_Sopina_RPA_UI_ Problem2_var28\process\Процесс 1.json
2026-03-17T15:00:13+0300 INFO: Старт робота: D:\univer\korporat\PR4_Sopina_RPA_UI_ Problem2_var28\resource\87c232ec-6be3-4f00-9894-f95e5cecb889\makPal_496.py
2026-03-17T15:00:31+0300 INFO: Завершение работы робота: D:\univer\korporat\PR4_Sopina_RPA_UI_ Problem2_var28\resource\87c232ec-6be3-4f00-9894-f95e5cecb889\makPal_496.py
2026-03-17T15:00:31+0300 INFO: Завершение выполнения процесса. D:\univer\korporat\PR4_Sopina_RPA_UI_ Problem2_var28\process\Процесс 1.json
2026-03-17T15:00:57+0300 INFO: Запуск процесса из студии разработки. D:\univer\korporat\PR4_Sopina_RPA_UI_ Problem2_var28\process\Процесс 1.json
2026-03-17T15:00:59+0300 INFO: Старт робота: D:\univer\korporat\PR4_Sopina_RPA_UI_ Problem2_var28\resource\b4a981ac-af4c-4695-9e6a-31b64bac37e5\makPal_496.py
2026-03-17T15:01:06+0300 Cannot read properties of undefined (reading 'match')
2026-03-17T15:01:06+0300 ERROR: Завершение выполнения процесса. D:\univer\korporat\PR4_Sopina_RPA_UI_ Problem2_var28\process\Процесс 1.json
2026-03-17T15:01:09+0300 INFO: Запуск процесса из студии разработки. D:\univer\korporat\PR4_Sopina_RPA_UI_ Problem2_var28\process\Процесс 1.json
2026-03-17T15:01:10+0300 INFO: Старт робота: D:\univer\korporat\PR4_Sopina_RPA_UI_ Problem2_var28\resource\3bb6dba8-a1f2-4364-ac88-ed230267d914\makPal_496.py
2026-03-17T15:01:17+0300 INFO: Завершение выполнения процесса. D:\univer\korporat\PR4_Sopina_RPA_UI_ Problem2_var28\process\Процесс 1.json
2026-03-17T15:01:21+0300 INFO: Запуск процесса из студии разработки. D:\univer\korporat\PR4_Sopina_RPA_UI_ Problem2_var28\process\Процесс 1.json
2026-03-17T15:01:22+0300 INFO: Старт робота: D:\univer\korporat\PR4_Sopina_RPA_UI_ Problem2_var28\resource\ccf555b6-f535-430d-9236-0fafc8fb8bba\makPal_496.py
2026-03-17T15:01:33+0300 INFO: Завершение работы робота: D:\univer\korporat\PR4_Sopina_RPA_UI_ Problem2_var28\resource\ccf555b6-f535-430d-9236-0fafc8fb8bba\makPal_496.py
2026-03-17T15:01:34+0300 INFO: Завершение выполнения процесса. D:\univer\korporat\PR4_Sopina_RPA_UI_ Problem2_var28\process\Процесс 1.json
2026-03-17T15:02:44+0300 INFO: Запуск процесса из студии разработки. D:\univer\korporat\PR4_Sopina_RPA_UI_ Problem2_var28\process\Процесс 1.json
2026-03-17T15:02:46+0300 INFO: Старт робота: D:\univer\korporat\PR4_Sopina_RPA_UI_ Problem2_var28\resource\eb5da47c-75c1-4977-b6cb-b1240d8e9ce8\makPal_496.py
2026-03-17T15:03:02+0300 INFO: Завершение работы робота: D:\univer\korporat\PR4_Sopina_RPA_UI_ Problem2_var28\resource\eb5da47c-75c1-4977-b6cb-b1240d8e9ce8\makPal_496.py
2026-03-17T15:03:03+0300 INFO: Завершение выполнения процесса. D:\univer\korporat\PR4_Sopina_RPA_UI_ Problem2_var28\process\Процесс 1.json
2026-03-17T15:03:05+0300 INFO: Запуск процесса из студии разработки. D:\univer\korporat\PR4_Sopina_RPA_UI_ Problem2_var28\process\Процесс 1.json
2026-03-17T15:03:06+0300 INFO: Старт робота: D:\univer\korporat\PR4_Sopina_RPA_UI_ Problem2_var28\resource\8a181ff8-c72f-4d8b-aff8-cf84b16671ae\makPal_496.py
2026-03-17T15:03:17+0300 INFO: Завершение работы робота: D:\univer\korporat\PR4_Sopina_RPA_UI_ Problem2_var28\resource\8a181ff8-c72f-4d8b-aff8-cf84b16671ae\makPal_496.py
2026-03-17T15:03:18+0300 INFO: Завершение выполнения процесса. D:\univer\korporat\PR4_Sopina_RPA_UI_ Problem2_var28\process\Процесс 1.json
2026-03-17T15:05:46+0300 INFO: Запуск процесса из студии разработки. D:\univer\korporat\PR4_Sopina_RPA_UI_ Problem2_var28\process\Процесс 1.json
2026-03-17T15:05:47+0300 INFO: Старт робота: D:\univer\korporat\PR4_Sopina_RPA_UI_ Problem2_var28\resource\d356863b-1d44-4f81-ba8f-c2f1b2f07c15\makPal_496.py
2026-03-17T15:05:56+0300 INFO: Завершение работы робота: D:\univer\korporat\PR4_Sopina_RPA_UI_ Problem2_var28\resource\d356863b-1d44-4f81-ba8f-c2f1b2f07c15\makPal_496.py
2026-03-17T15:05:57+0300 INFO: Завершение выполнения процесса. D:\univer\korporat\PR4_Sopina_RPA_UI_ Problem2_var28\process\Процесс 1.json
2026-03-17T15:06:19+0300 INFO: Запуск процесса из студии разработки. D:\univer\korporat\PR4_Sopina_RPA_UI_ Problem2_var28\process\Процесс 1.json
2026-03-17T15:06:21+0300 INFO: Старт робота: D:\univer\korporat\PR4_Sopina_RPA_UI_ Problem2_var28\resource\857e1961-79cd-4a15-893f-98221c489c43\makPal_496.py
2026-03-17T15:06:37+0300 INFO: Завершение работы робота: D:\univer\korporat\PR4_Sopina_RPA_UI_ Problem2_var28\resource\857e1961-79cd-4a15-893f-98221c489c43\makPal_496.py
2026-03-17T15:06:37+0300 INFO: Завершение выполнения процесса. D:\univer\korporat\PR4_Sopina_RPA_UI_ Problem2_var28\process\Процесс 1.json
2026-03-17T15:33:16+0300 INFO: Запуск процесса из студии разработки. D:\univer\korporat\PR4_Sopina_RPA_UI_ Problem2_var28\process\Процесс 1.json
2026-03-17T15:33:18+0300 INFO: Старт робота: D:\univer\korporat\PR4_Sopina_RPA_UI_ Problem2_var28\resource\dc516563-9d8d-4903-b6c9-837593cd3c43\makPal_496.py
2026-03-17T15:34:05+0300 Cannot read properties of undefined (reading 'match')
2026-03-17T15:34:05+0300 ERROR: Завершение выполнения процесса. D:\univer\korporat\PR4_Sopina_RPA_UI_ Problem2_var28\process\Процесс 1.json
2026-03-17T17:22:20+0300 INFO: Запуск процесса из студии разработки. D:\univer\korporat\PR4_Sopina_RPA_UI_ Problem2_var28\process\Процесс 1.json
2026-03-17T17:22:21+0300 INFO: Старт робота: D:\univer\korporat\PR4_Sopina_RPA_UI_ Problem2_var28\resource\215643de-297b-471d-8fab-08457bbc34b4\makPal_496.py
2026-03-17T17:24:23+0300 INFO: Завершение работы робота: D:\univer\korporat\PR4_Sopina_RPA_UI_ Problem2_var28\resource\215643de-297b-471d-8fab-08457bbc34b4\makPal_496.py
2026-03-17T17:24:24+0300 INFO: Завершение выполнения процесса. D:\univer\korporat\PR4_Sopina_RPA_UI_ Problem2_var28\process\Процесс 1.json
2026-03-17T17:25:46+0300 INFO: Запуск процесса из студии разработки. D:\univer\korporat\PR4_Sopina_RPA_UI_ Problem2_var28\process\Процесс 1.json
2026-03-17T17:25:47+0300 INFO: Старт робота: D:\univer\korporat\PR4_Sopina_RPA_UI_ Problem2_var28\resource\ee6324f8-6ade-498f-83ad-8d5c60256afc\makPal_496.py
2026-03-17T17:25:53+0300 INFO: Завершение работы робота: D:\univer\korporat\PR4_Sopina_RPA_UI_ Problem2_var28\resource\ee6324f8-6ade-498f-83ad-8d5c60256afc\makPal_496.py
2026-03-17T17:25:54+0300 INFO: Завершение выполнения процесса. D:\univer\korporat\PR4_Sopina_RPA_UI_ Problem2_var28\process\Процесс 1.json
2026-03-17T17:26:23+0300 INFO: Запуск процесса из студии разработки. D:\univer\korporat\PR4_Sopina_RPA_UI_ Problem2_var28\process\Процесс 1.json
2026-03-17T17:26:23+0300 INFO: Старт робота: D:\univer\korporat\PR4_Sopina_RPA_UI_ Problem2_var28\resource\22cbe96d-3951-4078-b18f-442644e49ea8\makPal_496.py
2026-03-17T17:27:28+0300 INFO: Завершение работы робота: D:\univer\korporat\PR4_Sopina_RPA_UI_ Problem2_var28\resource\22cbe96d-3951-4078-b18f-442644e49ea8\makPal_496.py
2026-03-17T17:27:29+0300 INFO: Завершение выполнения процесса. D:\univer\korporat\PR4_Sopina_RPA_UI_ Problem2_var28\process\Процесс 1.json
2026-03-17T17:29:11+0300 INFO: Запуск процесса из студии разработки. D:\univer\korporat\PR4_Sopina_RPA_UI_ Problem2_var28\process\Процесс 1.json
2026-03-17T17:29:12+0300 INFO: Старт робота: D:\univer\korporat\PR4_Sopina_RPA_UI_ Problem2_var28\resource\8069ca85-a7a9-4a1f-af9a-1cdc1474cd44\makPal_496.py
2026-03-17T17:29:25+0300 INFO: Завершение работы робота: D:\univer\korporat\PR4_Sopina_RPA_UI_ Problem2_var28\resource\8069ca85-a7a9-4a1f-af9a-1cdc1474cd44\makPal_496.py
2026-03-17T17:29:26+0300 INFO: Завершение выполнения процесса. D:\univer\korporat\PR4_Sopina_RPA_UI_ Problem2_var28\process\Процесс 1.json
2026-03-17T17:30:25+0300 INFO: Запуск процесса из студии разработки. D:\univer\korporat\PR4_Sopina_RPA_UI_ Problem2_var28\process\Процесс 1.json
2026-03-17T17:30:27+0300 INFO: Старт робота: D:\univer\korporat\PR4_Sopina_RPA_UI_ Problem2_var28\resource\693dd65b-8fd3-497a-87f5-41a56fbdca95\makPal_496.py
2026-03-17T17:30:38+0300 INFO: Завершение работы робота: D:\univer\korporat\PR4_Sopina_RPA_UI_ Problem2_var28\resource\693dd65b-8fd3-497a-87f5-41a56fbdca95\makPal_496.py
2026-03-17T17:30:39+0300 INFO: Завершение выполнения процесса. D:\univer\korporat\PR4_Sopina_RPA_UI_ Problem2_var28\process\Процесс 1.json
2026-03-17T17:31:03+0300 INFO: Запуск процесса из студии разработки. D:\univer\korporat\PR4_Sopina_RPA_UI_ Problem2_var28\process\Процесс 1.json
2026-03-17T17:31:04+0300 INFO: Старт робота: D:\univer\korporat\PR4_Sopina_RPA_UI_ Problem2_var28\resource\20b3f0c1-88eb-4c44-b18a-98c7fc7d8810\makPal_496.py
2026-03-17T17:31:14+0300 INFO: Завершение работы робота: D:\univer\korporat\PR4_Sopina_RPA_UI_ Problem2_var28\resource\20b3f0c1-88eb-4c44-b18a-98c7fc7d8810\makPal_496.py
2026-03-17T17:31:15+0300 INFO: Завершение выполнения процесса. D:\univer\korporat\PR4_Sopina_RPA_UI_ Problem2_var28\process\Процесс 1.json
2026-03-17T17:31:58+0300 INFO: Запуск процесса из студии разработки. D:\univer\korporat\PR4_Sopina_RPA_UI_ Problem2_var28\process\Процесс 1.json
2026-03-17T17:31:59+0300 INFO: Старт робота: D:\univer\korporat\PR4_Sopina_RPA_UI_ Problem2_var28\resource\d471008a-d486-486c-8cb4-ab1d511a2b49\makPal_496.py
2026-03-17T17:32:13+0300 INFO: Завершение работы робота: D:\univer\korporat\PR4_Sopina_RPA_UI_ Problem2_var28\resource\d471008a-d486-486c-8cb4-ab1d511a2b49\makPal_496.py
2026-03-17T17:32:14+0300 INFO: Завершение выполнения процесса. D:\univer\korporat\PR4_Sopina_RPA_UI_ Problem2_var28\process\Процесс 1.json
2026-03-17T17:33:13+0300 INFO: Запуск процесса из студии разработки. D:\univer\korporat\PR4_Sopina_RPA_UI_ Problem2_var28\process\Процесс 1.json
2026-03-17T17:33:14+0300 INFO: Старт робота: D:\univer\korporat\PR4_Sopina_RPA_UI_ Problem2_var28\resource\a505001e-a999-4684-a2a3-187dfb5a88da\makPal_496.py
2026-03-17T17:33:19+0300 INFO: Завершение работы робота: D:\univer\korporat\PR4_Sopina_RPA_UI_ Problem2_var28\resource\a505001e-a999-4684-a2a3-187dfb5a88da\makPal_496.py
2026-03-17T17:33:20+0300 INFO: Завершение выполнения процесса. D:\univer\korporat\PR4_Sopina_RPA_UI_ Problem2_var28\process\Процесс 1.json
2026-03-17T17:33:29+0300 INFO: Запуск процесса из студии разработки. D:\univer\korporat\PR4_Sopina_RPA_UI_ Problem2_var28\process\Процесс 1.json
2026-03-17T17:33:30+0300 INFO: Старт робота: D:\univer\korporat\PR4_Sopina_RPA_UI_ Problem2_var28\resource\54f78de9-da29-441c-bbe3-8ee941601070\makPal_496.py
2026-03-17T17:33:37+0300 INFO: Завершение работы робота: D:\univer\korporat\PR4_Sopina_RPA_UI_ Problem2_var28\resource\54f78de9-da29-441c-bbe3-8ee941601070\makPal_496.py
2026-03-17T17:33:38+0300 INFO: Завершение выполнения процесса. D:\univer\korporat\PR4_Sopina_RPA_UI_ Problem2_var28\process\Процесс 1.json
2026-03-17T17:35:19+0300 INFO: Запуск процесса из студии разработки. D:\univer\korporat\PR4_Sopina_RPA_UI_ Problem2_var28\process\Процесс 1.json
2026-03-17T17:35:20+0300 INFO: Старт робота: D:\univer\korporat\PR4_Sopina_RPA_UI_ Problem2_var28\resource\418b566f-e4e0-4aa0-bf7b-7b80796aaf80\makPal_496.py
2026-03-17T17:35:45+0300 INFO: Завершение работы робота: D:\univer\korporat\PR4_Sopina_RPA_UI_ Problem2_var28\resource\418b566f-e4e0-4aa0-bf7b-7b80796aaf80\makPal_496.py
2026-03-17T17:35:46+0300 INFO: Завершение выполнения процесса. D:\univer\korporat\PR4_Sopina_RPA_UI_ Problem2_var28\process\Процесс 1.json
