2026-03-16T15:58:10+0300 INFO: Запуск процесса из студии разработки. D:\univer\korporat\PR4_Sopina_RPA_UI_ Problem1_var28\process\Процесс 1.json
2026-03-16T15:58:11+0300 INFO: Старт робота: D:\univer\korporat\PR4_Sopina_RPA_UI_ Problem1_var28\resource\6685619a-d278-4d0c-88ab-14fbf24217b7\makPal_496.py
2026-03-16T15:58:11+0300 ERROR: D:\univer\korporat\PR4_Sopina_RPA_UI_ Problem1_var28\resource\6685619a-d278-4d0c-88ab-14fbf24217b7\makPal_496.py Ошибка: 'list' object has no attribute 'get'
2026-03-16T15:58:14+0300 ERROR: Завершение выполнения процесса. D:\univer\korporat\PR4_Sopina_RPA_UI_ Problem1_var28\process\Процесс 1.json
2026-03-16T16:09:53+0300 INFO: Запуск процесса из студии разработки. D:\univer\korporat\PR4_Sopina_RPA_UI_ Problem1_var28\process\Процесс 1.json
2026-03-16T16:09:54+0300 INFO: Старт робота: D:\univer\korporat\PR4_Sopina_RPA_UI_ Problem1_var28\resource\72258e81-32c4-4c35-83df-59b32310af6e\makPal_496.py
2026-03-16T16:09:54+0300 ERROR: D:\univer\korporat\PR4_Sopina_RPA_UI_ Problem1_var28\resource\72258e81-32c4-4c35-83df-59b32310af6e\makPal_496.py Ошибка: [Errno 13] Permission denied: 'C:\\Program Files\\PuzzleRPA\\2.2.3\\Studio'
2026-03-16T16:09:59+0300 ERROR: Завершение выполнения процесса. D:\univer\korporat\PR4_Sopina_RPA_UI_ Problem1_var28\process\Процесс 1.json
2026-03-16T16:10:03+0300 INFO: Запуск процесса из студии разработки. D:\univer\korporat\PR4_Sopina_RPA_UI_ Problem1_var28\process\Процесс 1.json
2026-03-16T16:10:03+0300 INFO: Старт робота: D:\univer\korporat\PR4_Sopina_RPA_UI_ Problem1_var28\resource\53bf8a1b-c132-4de3-8cc4-275ed9ba75a7\makPal_496.py
2026-03-16T16:10:03+0300 ERROR: D:\univer\korporat\PR4_Sopina_RPA_UI_ Problem1_var28\resource\53bf8a1b-c132-4de3-8cc4-275ed9ba75a7\makPal_496.py Ошибка: [Errno 13] Permission denied: 'C:\\Program Files\\PuzzleRPA\\2.2.3\\Studio'
2026-03-16T16:10:28+0300 ERROR: Завершение выполнения процесса. D:\univer\korporat\PR4_Sopina_RPA_UI_ Problem1_var28\process\Процесс 1.json
2026-03-16T16:10:38+0300 INFO: Запуск процесса из студии разработки. D:\univer\korporat\PR4_Sopina_RPA_UI_ Problem1_var28\process\Процесс 1.json
2026-03-16T16:10:39+0300 INFO: Старт робота: D:\univer\korporat\PR4_Sopina_RPA_UI_ Problem1_var28\resource\4eac2cf3-556f-4ee7-854d-8cb7bb62562a\makPal_496.py
2026-03-16T16:10:39+0300 ERROR: D:\univer\korporat\PR4_Sopina_RPA_UI_ Problem1_var28\resource\4eac2cf3-556f-4ee7-854d-8cb7bb62562a\makPal_496.py Ошибка: [Errno 13] Permission denied: 'C:\\Program Files\\PuzzleRPA\\2.2.3\\Studio'
2026-03-16T16:10:42+0300 ERROR: Завершение выполнения процесса. D:\univer\korporat\PR4_Sopina_RPA_UI_ Problem1_var28\process\Процесс 1.json
2026-03-16T16:11:03+0300 INFO: Запуск процесса из студии разработки. D:\univer\korporat\PR4_Sopina_RPA_UI_ Problem1_var28\process\Процесс 1.json
2026-03-16T16:11:04+0300 INFO: Старт робота: D:\univer\korporat\PR4_Sopina_RPA_UI_ Problem1_var28\resource\cce54acc-5e09-42da-8b82-17fc79f52d94\makPal_496.py
2026-03-16T16:11:04+0300 ERROR: D:\univer\korporat\PR4_Sopina_RPA_UI_ Problem1_var28\resource\cce54acc-5e09-42da-8b82-17fc79f52d94\makPal_496.py Ошибка: [Errno 13] Permission denied: 'C:\\Program Files\\PuzzleRPA\\2.2.3\\Studio'
2026-03-16T16:11:07+0300 ERROR: Завершение выполнения процесса. D:\univer\korporat\PR4_Sopina_RPA_UI_ Problem1_var28\process\Процесс 1.json
2026-03-16T16:11:13+0300 INFO: Запуск процесса из студии разработки. D:\univer\korporat\PR4_Sopina_RPA_UI_ Problem1_var28\process\Процесс 1.json
2026-03-16T16:11:14+0300 INFO: Старт робота: D:\univer\korporat\PR4_Sopina_RPA_UI_ Problem1_var28\resource\eb873e0e-7204-4312-afd8-e2f095b2d1a8\makPal_496.py
2026-03-16T16:11:14+0300 ERROR: D:\univer\korporat\PR4_Sopina_RPA_UI_ Problem1_var28\resource\eb873e0e-7204-4312-afd8-e2f095b2d1a8\makPal_496.py Ошибка: [Errno 13] Permission denied: 'C:\\Program Files\\PuzzleRPA\\2.2.3\\Studio'
2026-03-16T16:11:15+0300 ERROR: Завершение выполнения процесса. D:\univer\korporat\PR4_Sopina_RPA_UI_ Problem1_var28\process\Процесс 1.json
2026-03-16T16:11:18+0300 INFO: Запуск процесса из студии разработки. D:\univer\korporat\PR4_Sopina_RPA_UI_ Problem1_var28\process\Процесс 1.json
2026-03-16T16:11:19+0300 INFO: Старт робота: D:\univer\korporat\PR4_Sopina_RPA_UI_ Problem1_var28\resource\f4231cd2-a1d3-4fe5-9296-6cf00308df75\makPal_496.py
2026-03-16T16:11:19+0300 ERROR: D:\univer\korporat\PR4_Sopina_RPA_UI_ Problem1_var28\resource\f4231cd2-a1d3-4fe5-9296-6cf00308df75\makPal_496.py Ошибка: [Errno 13] Permission denied: 'C:\\Program Files\\PuzzleRPA\\2.2.3\\Studio'
2026-03-16T16:11:24+0300 ERROR: Завершение выполнения процесса. D:\univer\korporat\PR4_Sopina_RPA_UI_ Problem1_var28\process\Процесс 1.json
2026-03-16T16:11:47+0300 INFO: Запуск процесса из студии разработки. D:\univer\korporat\PR4_Sopina_RPA_UI_ Problem1_var28\process\Процесс 1.json
2026-03-16T16:11:47+0300 INFO: Старт робота: D:\univer\korporat\PR4_Sopina_RPA_UI_ Problem1_var28\resource\167dc430-81ff-4173-9bed-641372cb951c\makPal_496.py
2026-03-16T16:11:47+0300 ERROR: D:\univer\korporat\PR4_Sopina_RPA_UI_ Problem1_var28\resource\167dc430-81ff-4173-9bed-641372cb951c\makPal_496.py Ошибка: list index out of range
2026-03-16T16:11:50+0300 ERROR: Завершение выполнения процесса. D:\univer\korporat\PR4_Sopina_RPA_UI_ Problem1_var28\process\Процесс 1.json
2026-03-16T16:11:55+0300 INFO: Запуск процесса из студии разработки. D:\univer\korporat\PR4_Sopina_RPA_UI_ Problem1_var28\process\Процесс 1.json
2026-03-16T16:11:55+0300 INFO: Старт робота: D:\univer\korporat\PR4_Sopina_RPA_UI_ Problem1_var28\resource\f4649dbd-68c7-4673-ab6c-d691e4cbe4dc\makPal_496.py
2026-03-16T16:11:55+0300 INFO: Завершение работы робота: D:\univer\korporat\PR4_Sopina_RPA_UI_ Problem1_var28\resource\f4649dbd-68c7-4673-ab6c-d691e4cbe4dc\makPal_496.py
2026-03-16T16:11:55+0300 INFO: Завершение выполнения процесса. D:\univer\korporat\PR4_Sopina_RPA_UI_ Problem1_var28\process\Процесс 1.json
2026-03-16T16:11:59+0300 INFO: Запуск процесса из студии разработки. D:\univer\korporat\PR4_Sopina_RPA_UI_ Problem1_var28\process\Процесс 1.json
2026-03-16T16:12:00+0300 INFO: Старт робота: D:\univer\korporat\PR4_Sopina_RPA_UI_ Problem1_var28\resource\5922bb72-e2ff-4120-9c32-c90d7e012ff2\makPal_496.py
2026-03-16T16:12:00+0300 INFO: Завершение работы робота: D:\univer\korporat\PR4_Sopina_RPA_UI_ Problem1_var28\resource\5922bb72-e2ff-4120-9c32-c90d7e012ff2\makPal_496.py
2026-03-16T16:12:00+0300 INFO: Завершение выполнения процесса. D:\univer\korporat\PR4_Sopina_RPA_UI_ Problem1_var28\process\Процесс 1.json
2026-03-16T16:19:58+0300 INFO: Запуск процесса из студии разработки. D:\univer\korporat\PR4_Sopina_RPA_UI_ Problem1_var28\process\Процесс 1.json
2026-03-16T16:19:59+0300 INFO: Старт робота: D:\univer\korporat\PR4_Sopina_RPA_UI_ Problem1_var28\resource\d4c43324-419b-485e-a8b9-17ab0e4449fc\makPal_496.py
2026-03-16T16:19:59+0300 ERROR: D:\univer\korporat\PR4_Sopina_RPA_UI_ Problem1_var28\resource\d4c43324-419b-485e-a8b9-17ab0e4449fc\makPal_496.py Ошибка: cannot access local variable 'form_result' where it is not associated with a value
2026-03-16T16:20:05+0300 ERROR: Завершение выполнения процесса. D:\univer\korporat\PR4_Sopina_RPA_UI_ Problem1_var28\process\Процесс 1.json
2026-03-16T16:20:13+0300 INFO: Запуск процесса из студии разработки. D:\univer\korporat\PR4_Sopina_RPA_UI_ Problem1_var28\process\Процесс 1.json
2026-03-16T16:20:14+0300 INFO: Старт робота: D:\univer\korporat\PR4_Sopina_RPA_UI_ Problem1_var28\resource\9ab934fa-f9b3-48f9-bcf3-1c01d2decf2d\makPal_496.py
2026-03-16T16:20:14+0300 ERROR: D:\univer\korporat\PR4_Sopina_RPA_UI_ Problem1_var28\resource\9ab934fa-f9b3-48f9-bcf3-1c01d2decf2d\makPal_496.py Ошибка: list index out of range
2026-03-16T16:20:16+0300 ERROR: Завершение выполнения процесса. D:\univer\korporat\PR4_Sopina_RPA_UI_ Problem1_var28\process\Процесс 1.json
2026-03-16T16:20:22+0300 INFO: Запуск процесса из студии разработки. D:\univer\korporat\PR4_Sopina_RPA_UI_ Problem1_var28\process\Процесс 1.json
2026-03-16T16:20:22+0300 INFO: Старт робота: D:\univer\korporat\PR4_Sopina_RPA_UI_ Problem1_var28\resource\d7c319d7-1e96-4bb0-b6ea-8a390591d823\makPal_496.py
2026-03-16T16:20:22+0300 ERROR: D:\univer\korporat\PR4_Sopina_RPA_UI_ Problem1_var28\resource\d7c319d7-1e96-4bb0-b6ea-8a390591d823\makPal_496.py Ошибка: [Errno 2] No such file or directory: 'D:\\univer\\korporat\\PR4_Sopina_RPA_UI_ Problem1_var28\\resource\\form1.json'
2026-03-16T16:20:31+0300 ERROR: Завершение выполнения процесса. D:\univer\korporat\PR4_Sopina_RPA_UI_ Problem1_var28\process\Процесс 1.json
2026-03-16T16:20:38+0300 INFO: Запуск процесса из студии разработки. D:\univer\korporat\PR4_Sopina_RPA_UI_ Problem1_var28\process\Процесс 1.json
2026-03-16T16:20:39+0300 INFO: Старт робота: D:\univer\korporat\PR4_Sopina_RPA_UI_ Problem1_var28\resource\5a91d0d7-0713-4712-90c1-1fa9c826d74c\makPal_496.py
2026-03-16T16:20:39+0300 ERROR: D:\univer\korporat\PR4_Sopina_RPA_UI_ Problem1_var28\resource\5a91d0d7-0713-4712-90c1-1fa9c826d74c\makPal_496.py Ошибка: [Errno 2] No such file or directory: 'D:\\univer\\korporat\\PR4_Sopina_RPA_UI_ Problem1_var28\\resource\\form1.json'
2026-03-16T16:20:42+0300 ERROR: Завершение выполнения процесса. D:\univer\korporat\PR4_Sopina_RPA_UI_ Problem1_var28\process\Процесс 1.json
2026-03-16T16:21:02+0300 INFO: Запуск процесса из студии разработки. D:\univer\korporat\PR4_Sopina_RPA_UI_ Problem1_var28\process\Процесс 1.json
2026-03-16T16:21:03+0300 INFO: Старт робота: D:\univer\korporat\PR4_Sopina_RPA_UI_ Problem1_var28\resource\23e3db80-d428-4098-b651-61e97f37190e\makPal_496.py
2026-03-16T16:21:14+0300 INFO: Завершение работы робота: D:\univer\korporat\PR4_Sopina_RPA_UI_ Problem1_var28\resource\23e3db80-d428-4098-b651-61e97f37190e\makPal_496.py
2026-03-16T16:21:15+0300 INFO: Завершение выполнения процесса. D:\univer\korporat\PR4_Sopina_RPA_UI_ Problem1_var28\process\Процесс 1.json
2026-03-16T16:21:17+0300 INFO: Запуск процесса из студии разработки. D:\univer\korporat\PR4_Sopina_RPA_UI_ Problem1_var28\process\Процесс 1.json
2026-03-16T16:21:18+0300 INFO: Старт робота: D:\univer\korporat\PR4_Sopina_RPA_UI_ Problem1_var28\resource\4226d593-9d8a-4aea-9714-73b5dcc417fd\makPal_496.py
2026-03-16T16:21:45+0300 INFO: Завершение работы робота: D:\univer\korporat\PR4_Sopina_RPA_UI_ Problem1_var28\resource\4226d593-9d8a-4aea-9714-73b5dcc417fd\makPal_496.py
2026-03-16T16:21:46+0300 INFO: Завершение выполнения процесса. D:\univer\korporat\PR4_Sopina_RPA_UI_ Problem1_var28\process\Процесс 1.json
2026-03-16T16:24:21+0300 INFO: Запуск процесса из студии разработки. D:\univer\korporat\PR4_Sopina_RPA_UI_ Problem1_var28\process\Процесс 1.json
2026-03-16T16:24:22+0300 INFO: Старт робота: D:\univer\korporat\PR4_Sopina_RPA_UI_ Problem1_var28\resource\7338d633-eb66-4939-8390-a4fb7f670d37\makPal_496.py
2026-03-16T16:24:30+0300 INFO: Завершение выполнения процесса. D:\univer\korporat\PR4_Sopina_RPA_UI_ Problem1_var28\process\Процесс 1.json
2026-03-16T16:27:38+0300 INFO: Запуск процесса из студии разработки. D:\univer\korporat\PR4_Sopina_RPA_UI_ Problem1_var28\process\Процесс 1.json
2026-03-16T16:27:39+0300 INFO: Старт робота: D:\univer\korporat\PR4_Sopina_RPA_UI_ Problem1_var28\resource\b4de0875-f058-43fd-be46-1a568051248c\makPal_496.py
2026-03-16T16:27:42+0300 INFO: Завершение выполнения процесса. D:\univer\korporat\PR4_Sopina_RPA_UI_ Problem1_var28\process\Процесс 1.json
2026-03-16T16:27:45+0300 INFO: Запуск процесса из студии разработки. D:\univer\korporat\PR4_Sopina_RPA_UI_ Problem1_var28\process\Процесс 1.json
2026-03-16T16:27:46+0300 INFO: Старт робота: D:\univer\korporat\PR4_Sopina_RPA_UI_ Problem1_var28\resource\2d20fe2a-62e6-46f0-b926-96adeed5b301\makPal_496.py
2026-03-16T16:27:46+0300 ERROR: D:\univer\korporat\PR4_Sopina_RPA_UI_ Problem1_var28\resource\2d20fe2a-62e6-46f0-b926-96adeed5b301\makPal_496.py Ошибка: 'str' object has no attribute 'items'
2026-03-16T16:27:49+0300 ERROR: Завершение выполнения процесса. D:\univer\korporat\PR4_Sopina_RPA_UI_ Problem1_var28\process\Процесс 1.json
2026-03-16T16:28:38+0300 INFO: Запуск процесса из студии разработки. D:\univer\korporat\PR4_Sopina_RPA_UI_ Problem1_var28\process\Процесс 1.json
2026-03-16T16:28:38+0300 INFO: Старт робота: D:\univer\korporat\PR4_Sopina_RPA_UI_ Problem1_var28\resource\a6575943-9b37-4b2c-a19a-30af6f178b63\makPal_496.py
2026-03-16T16:28:38+0300 ERROR: D:\univer\korporat\PR4_Sopina_RPA_UI_ Problem1_var28\resource\a6575943-9b37-4b2c-a19a-30af6f178b63\makPal_496.py Ошибка: 'str' object has no attribute 'items'
2026-03-16T16:28:47+0300 ERROR: Завершение выполнения процесса. D:\univer\korporat\PR4_Sopina_RPA_UI_ Problem1_var28\process\Процесс 1.json
2026-03-16T16:31:43+0300 INFO: Запуск процесса из студии разработки. D:\univer\korporat\PR4_Sopina_RPA_UI_ Problem1_var28\process\Процесс 1.json
2026-03-16T16:31:43+0300 INFO: Старт робота: D:\univer\korporat\PR4_Sopina_RPA_UI_ Problem1_var28\resource\9733e316-d148-4c13-bfab-7b36fbbaf76d\makPal_496.py
2026-03-16T16:31:43+0300 ERROR: D:\univer\korporat\PR4_Sopina_RPA_UI_ Problem1_var28\resource\9733e316-d148-4c13-bfab-7b36fbbaf76d\makPal_496.py Ошибка: 'str' object has no attribute 'items'
2026-03-16T16:31:47+0300 ERROR: Завершение выполнения процесса. D:\univer\korporat\PR4_Sopina_RPA_UI_ Problem1_var28\process\Процесс 1.json
2026-03-16T16:33:52+0300 INFO: Запуск процесса из студии разработки. D:\univer\korporat\PR4_Sopina_RPA_UI_ Problem1_var28\process\Процесс 1.json
2026-03-16T16:33:52+0300 INFO: Старт робота: D:\univer\korporat\PR4_Sopina_RPA_UI_ Problem1_var28\resource\5bd811c1-cc85-44e1-a3af-c4235ca3ca24\makPal_496.py
2026-03-16T16:36:33+0300 INFO: Запуск процесса из студии разработки. D:\univer\korporat\PR4_Sopina_RPA_UI_ Problem1_var28\process\Процесс 1.json
2026-03-16T16:36:33+0300 INFO: Старт робота: D:\univer\korporat\PR4_Sopina_RPA_UI_ Problem1_var28\resource\dcce37a8-66bc-4155-9965-8c77d18e9c69\makPal_496.py
2026-03-16T16:36:51+0300 INFO: Завершение выполнения процесса. D:\univer\korporat\PR4_Sopina_RPA_UI_ Problem1_var28\process\Процесс 1.json
2026-03-16T16:38:04+0300 INFO: Запуск процесса из студии разработки. D:\univer\korporat\PR4_Sopina_RPA_UI_ Problem1_var28\process\Процесс 1.json
2026-03-16T16:38:05+0300 INFO: Старт робота: D:\univer\korporat\PR4_Sopina_RPA_UI_ Problem1_var28\resource\113bb65f-8be8-4e30-8ce7-323cc5a53c5f\makPal_496.py
2026-03-16T16:38:45+0300 INFO: Завершение выполнения процесса. D:\univer\korporat\PR4_Sopina_RPA_UI_ Problem1_var28\process\Процесс 1.json
2026-03-16T16:41:09+0300 INFO: Запуск процесса из студии разработки. D:\univer\korporat\PR4_Sopina_RPA_UI_ Problem1_var28\process\Процесс 1.json
2026-03-16T16:41:09+0300 INFO: Старт робота: D:\univer\korporat\PR4_Sopina_RPA_UI_ Problem1_var28\resource\c56ff23d-d95b-4d47-a96a-381d67fcd966\makPal_496.py
2026-03-16T16:45:16+0300 INFO: Запуск процесса из студии разработки. D:\univer\korporat\PR4_Sopina_RPA_UI_ Problem1_var28\process\Процесс 1.json
2026-03-16T16:45:17+0300 INFO: Старт робота: D:\univer\korporat\PR4_Sopina_RPA_UI_ Problem1_var28\resource\87441b94-bef6-4eb2-9913-02a16a8175bc\makPal_496.py
2026-03-16T16:46:29+0300 INFO: Запуск процесса из студии разработки. D:\univer\korporat\PR4_Sopina_RPA_UI_ Problem1_var28\process\Процесс 1.json
2026-03-16T16:46:29+0300 INFO: Старт робота: D:\univer\korporat\PR4_Sopina_RPA_UI_ Problem1_var28\resource\3017665c-e59b-4943-adea-63c67d95c061\makPal_496.py
2026-03-16T16:47:27+0300 INFO: Запуск процесса из студии разработки. D:\univer\korporat\PR4_Sopina_RPA_UI_ Problem1_var28\process\Процесс 1.json
2026-03-16T16:47:27+0300 INFO: Старт робота: D:\univer\korporat\PR4_Sopina_RPA_UI_ Problem1_var28\resource\95485b5d-c177-4953-a320-1e080b9fc310\makPal_496.py
2026-03-16T16:48:03+0300 INFO: Завершение выполнения процесса. D:\univer\korporat\PR4_Sopina_RPA_UI_ Problem1_var28\process\Процесс 1.json
2026-03-16T16:48:04+0300 INFO: Завершение выполнения процесса. D:\univer\korporat\PR4_Sopina_RPA_UI_ Problem1_var28\process\Процесс 1.json
2026-03-16T16:48:05+0300 INFO: Завершение выполнения процесса. D:\univer\korporat\PR4_Sopina_RPA_UI_ Problem1_var28\process\Процесс 1.json
2026-03-16T16:48:06+0300 INFO: Завершение выполнения процесса. D:\univer\korporat\PR4_Sopina_RPA_UI_ Problem1_var28\process\Процесс 1.json
2026-03-16T16:48:10+0300 INFO: Завершение выполнения процесса. D:\univer\korporat\PR4_Sopina_RPA_UI_ Problem1_var28\process\Процесс 1.json
2026-03-16T16:48:11+0300 INFO: Запуск процесса из студии разработки. D:\univer\korporat\PR4_Sopina_RPA_UI_ Problem1_var28\process\Процесс 1.json
2026-03-16T16:48:12+0300 INFO: Старт робота: D:\univer\korporat\PR4_Sopina_RPA_UI_ Problem1_var28\resource\39d2f189-cdcc-49bc-84fc-6b2e3851a038\makPal_496.py
2026-03-16T16:50:02+0300 INFO: Завершение выполнения процесса. D:\univer\korporat\PR4_Sopina_RPA_UI_ Problem1_var28\process\Процесс 1.json
