2026-05-21T16:11:19+0300 INFO: Запуск процесса из студии разработки. D:\univer\korporat\PR13_Sopina_ RPA_OCR_p1_var28\process\Процесс 1.json
2026-05-21T16:11:20+0300 INFO: Старт робота: D:\univer\korporat\PR13_Sopina_ RPA_OCR_p1_var28\resource\539cd3a8-d819-496c-8298-36630ff6131b\servo_585.py
2026-05-21T16:11:29+0300 INFO: Завершение работы робота: D:\univer\korporat\PR13_Sopina_ RPA_OCR_p1_var28\resource\539cd3a8-d819-496c-8298-36630ff6131b\servo_585.py
2026-05-21T16:11:30+0300 INFO: Завершение выполнения процесса. D:\univer\korporat\PR13_Sopina_ RPA_OCR_p1_var28\process\Процесс 1.json
2026-05-21T16:35:51+0300 INFO: Запуск процесса из студии разработки. D:\univer\korporat\PR13_Sopina_ RPA_OCR_p1_var28\process\Процесс 1.json
2026-05-21T16:35:52+0300 INFO: Старт робота: D:\univer\korporat\PR13_Sopina_ RPA_OCR_p1_var28\resource\a26cefb6-14bd-4745-a21e-9e26758a4fe4\servo_585.py
2026-05-21T16:35:52+0300 ERROR: D:\univer\korporat\PR13_Sopina_ RPA_OCR_p1_var28\resource\a26cefb6-14bd-4745-a21e-9e26758a4fe4\servo_585.py Ошибка: [Errno 22] Invalid argument: 'D:\\Reports\\logs_2026-05-21 16:35:52'
2026-05-21T16:36:02+0300 ERROR: Завершение выполнения процесса. D:\univer\korporat\PR13_Sopina_ RPA_OCR_p1_var28\process\Процесс 1.json
2026-05-21T16:36:39+0300 INFO: Запуск процесса из студии разработки. D:\univer\korporat\PR13_Sopina_ RPA_OCR_p1_var28\process\Процесс 1.json
2026-05-21T16:36:40+0300 INFO: Старт робота: D:\univer\korporat\PR13_Sopina_ RPA_OCR_p1_var28\resource\81b533c9-deff-4b43-a03b-f065afeaa07a\servo_585.py
2026-05-21T16:36:40+0300 ERROR: D:\univer\korporat\PR13_Sopina_ RPA_OCR_p1_var28\resource\81b533c9-deff-4b43-a03b-f065afeaa07a\servo_585.py Ошибка: cannot access local variable 'log_name' where it is not associated with a value
2026-05-21T16:36:50+0300 ERROR: Завершение выполнения процесса. D:\univer\korporat\PR13_Sopina_ RPA_OCR_p1_var28\process\Процесс 1.json
2026-05-21T16:37:10+0300 INFO: Запуск процесса из студии разработки. D:\univer\korporat\PR13_Sopina_ RPA_OCR_p1_var28\process\Процесс 1.json
2026-05-21T16:37:11+0300 INFO: Старт робота: D:\univer\korporat\PR13_Sopina_ RPA_OCR_p1_var28\resource\0a8db549-5cc3-4494-bc67-e73aec2ade8e\servo_585.py
2026-05-21T16:37:11+0300 ERROR: D:\univer\korporat\PR13_Sopina_ RPA_OCR_p1_var28\resource\0a8db549-5cc3-4494-bc67-e73aec2ade8e\servo_585.py Ошибка: [Errno 2] No such file or directory: 'D:\\Reports\\logs_2026-05-21 16-37-11'
2026-05-21T16:37:19+0300 ERROR: Завершение выполнения процесса. D:\univer\korporat\PR13_Sopina_ RPA_OCR_p1_var28\process\Процесс 1.json
2026-05-21T16:37:28+0300 INFO: Запуск процесса из студии разработки. D:\univer\korporat\PR13_Sopina_ RPA_OCR_p1_var28\process\Процесс 1.json
2026-05-21T16:37:29+0300 INFO: Старт робота: D:\univer\korporat\PR13_Sopina_ RPA_OCR_p1_var28\resource\725ac75c-ba22-43b2-a732-f6dbe74f9023\servo_585.py
2026-05-21T16:37:29+0300 ERROR: D:\univer\korporat\PR13_Sopina_ RPA_OCR_p1_var28\resource\725ac75c-ba22-43b2-a732-f6dbe74f9023\servo_585.py Ошибка: cannot access local variable 'log_name' where it is not associated with a value
2026-05-21T16:37:35+0300 ERROR: Завершение выполнения процесса. D:\univer\korporat\PR13_Sopina_ RPA_OCR_p1_var28\process\Процесс 1.json
2026-05-21T16:39:01+0300 INFO: Запуск процесса из студии разработки. D:\univer\korporat\PR13_Sopina_ RPA_OCR_p1_var28\process\Процесс 1.json
2026-05-21T16:39:02+0300 INFO: Старт робота: D:\univer\korporat\PR13_Sopina_ RPA_OCR_p1_var28\resource\b563f1c5-4667-458d-9bdb-44c87c33c7a2\servo_585.py
2026-05-21T16:39:02+0300 ERROR: D:\univer\korporat\PR13_Sopina_ RPA_OCR_p1_var28\resource\b563f1c5-4667-458d-9bdb-44c87c33c7a2\servo_585.py Ошибка: [Errno 2] No such file or directory: 'D:\\Reports\\logs_2026-05-21 16-39-02'
2026-05-21T16:39:06+0300 ERROR: Завершение выполнения процесса. D:\univer\korporat\PR13_Sopina_ RPA_OCR_p1_var28\process\Процесс 1.json
2026-05-21T16:40:00+0300 INFO: Запуск процесса из студии разработки. D:\univer\korporat\PR13_Sopina_ RPA_OCR_p1_var28\process\Процесс 1.json
2026-05-21T16:40:01+0300 INFO: Старт робота: D:\univer\korporat\PR13_Sopina_ RPA_OCR_p1_var28\resource\fc53fc9d-db1e-4500-9419-15acd5e78834\servo_585.py
2026-05-21T16:40:10+0300 INFO: Завершение работы робота: D:\univer\korporat\PR13_Sopina_ RPA_OCR_p1_var28\resource\fc53fc9d-db1e-4500-9419-15acd5e78834\servo_585.py
2026-05-21T16:40:11+0300 INFO: Завершение выполнения процесса. D:\univer\korporat\PR13_Sopina_ RPA_OCR_p1_var28\process\Процесс 1.json
2026-05-21T16:42:27+0300 INFO: Запуск процесса из студии разработки. D:\univer\korporat\PR13_Sopina_ RPA_OCR_p1_var28\process\Процесс 1.json
2026-05-21T16:42:28+0300 INFO: Старт робота: D:\univer\korporat\PR13_Sopina_ RPA_OCR_p1_var28\resource\789211e3-cf37-400d-92cd-e3ad2249fa9d\servo_585.py
2026-05-21T16:42:28+0300 ERROR: D:\univer\korporat\PR13_Sopina_ RPA_OCR_p1_var28\resource\789211e3-cf37-400d-92cd-e3ad2249fa9d\servo_585.py Ошибка: [Errno 2] No such file or directory: 'D:\\Reports\\logs_2026-05-21 16-42-28.txt'
2026-05-21T16:42:30+0300 ERROR: Завершение выполнения процесса. D:\univer\korporat\PR13_Sopina_ RPA_OCR_p1_var28\process\Процесс 1.json
2026-05-21T16:42:54+0300 INFO: Запуск процесса из студии разработки. D:\univer\korporat\PR13_Sopina_ RPA_OCR_p1_var28\process\Процесс 1.json
2026-05-21T16:42:56+0300 INFO: Старт робота: D:\univer\korporat\PR13_Sopina_ RPA_OCR_p1_var28\resource\1a9225cd-2ef4-4e35-9487-8c73c9b1195a\servo_585.py
2026-05-21T16:43:05+0300 INFO: Завершение работы робота: D:\univer\korporat\PR13_Sopina_ RPA_OCR_p1_var28\resource\1a9225cd-2ef4-4e35-9487-8c73c9b1195a\servo_585.py
2026-05-21T16:43:06+0300 INFO: Завершение выполнения процесса. D:\univer\korporat\PR13_Sopina_ RPA_OCR_p1_var28\process\Процесс 1.json
2026-05-21T16:45:04+0300 INFO: Запуск процесса из студии разработки. D:\univer\korporat\PR13_Sopina_ RPA_OCR_p1_var28\process\Процесс 1.json
2026-05-21T16:45:05+0300 INFO: Старт робота: D:\univer\korporat\PR13_Sopina_ RPA_OCR_p1_var28\resource\d6952a3f-41ea-4542-b23c-db98e74c360a\servo_585.py
2026-05-21T16:45:14+0300 INFO: Завершение работы робота: D:\univer\korporat\PR13_Sopina_ RPA_OCR_p1_var28\resource\d6952a3f-41ea-4542-b23c-db98e74c360a\servo_585.py
2026-05-21T16:45:15+0300 INFO: Завершение выполнения процесса. D:\univer\korporat\PR13_Sopina_ RPA_OCR_p1_var28\process\Процесс 1.json
2026-05-21T16:47:06+0300 INFO: Запуск процесса из студии разработки. D:\univer\korporat\PR13_Sopina_ RPA_OCR_p1_var28\process\Процесс 1.json
2026-05-21T16:47:07+0300 INFO: Старт робота: D:\univer\korporat\PR13_Sopina_ RPA_OCR_p1_var28\resource\f697f8b7-519b-4c7e-900e-8df6ae7ef05e\servo_585.py
2026-05-21T16:47:07+0300 ERROR: D:\univer\korporat\PR13_Sopina_ RPA_OCR_p1_var28\resource\f697f8b7-519b-4c7e-900e-8df6ae7ef05e\servo_585.py Ошибка: [WinError 32] Процесс не может получить доступ к файлу, так как этот файл занят другим процессом: 'D:\\Reports'
2026-05-21T16:47:09+0300 ERROR: Завершение выполнения процесса. D:\univer\korporat\PR13_Sopina_ RPA_OCR_p1_var28\process\Процесс 1.json
2026-05-21T16:47:13+0300 INFO: Запуск процесса из студии разработки. D:\univer\korporat\PR13_Sopina_ RPA_OCR_p1_var28\process\Процесс 1.json
2026-05-21T16:47:14+0300 INFO: Старт робота: D:\univer\korporat\PR13_Sopina_ RPA_OCR_p1_var28\resource\cb42d1f9-1b5c-4837-acda-057c3beaa2f7\servo_585.py
2026-05-21T16:47:20+0300 INFO: Завершение работы робота: D:\univer\korporat\PR13_Sopina_ RPA_OCR_p1_var28\resource\cb42d1f9-1b5c-4837-acda-057c3beaa2f7\servo_585.py
2026-05-21T16:47:21+0300 INFO: Завершение выполнения процесса. D:\univer\korporat\PR13_Sopina_ RPA_OCR_p1_var28\process\Процесс 1.json
2026-05-21T16:47:52+0300 INFO: Запуск процесса из студии разработки. D:\univer\korporat\PR13_Sopina_ RPA_OCR_p1_var28\process\Процесс 1.json
2026-05-21T16:47:53+0300 INFO: Старт робота: D:\univer\korporat\PR13_Sopina_ RPA_OCR_p1_var28\resource\2bbe5a19-5ce2-4e30-b5b9-d297fcadfa13\servo_585.py
2026-05-21T16:47:53+0300 ERROR: D:\univer\korporat\PR13_Sopina_ RPA_OCR_p1_var28\resource\2bbe5a19-5ce2-4e30-b5b9-d297fcadfa13\servo_585.py Ошибка: [WinError 32] Процесс не может получить доступ к файлу, так как этот файл занят другим процессом: 'D:\\Reports'
2026-05-21T16:47:55+0300 ERROR: Завершение выполнения процесса. D:\univer\korporat\PR13_Sopina_ RPA_OCR_p1_var28\process\Процесс 1.json
2026-05-21T16:47:58+0300 INFO: Запуск процесса из студии разработки. D:\univer\korporat\PR13_Sopina_ RPA_OCR_p1_var28\process\Процесс 1.json
2026-05-21T16:47:59+0300 INFO: Старт робота: D:\univer\korporat\PR13_Sopina_ RPA_OCR_p1_var28\resource\89dd5cea-48fa-4d9f-a177-5e4c75acb9cc\servo_585.py
2026-05-21T16:48:07+0300 INFO: Завершение работы робота: D:\univer\korporat\PR13_Sopina_ RPA_OCR_p1_var28\resource\89dd5cea-48fa-4d9f-a177-5e4c75acb9cc\servo_585.py
2026-05-21T16:48:08+0300 INFO: Завершение выполнения процесса. D:\univer\korporat\PR13_Sopina_ RPA_OCR_p1_var28\process\Процесс 1.json
2026-05-21T16:49:38+0300 INFO: Запуск процесса из студии разработки. D:\univer\korporat\PR13_Sopina_ RPA_OCR_p1_var28\process\Процесс 1.json
2026-05-21T16:49:39+0300 INFO: Старт робота: D:\univer\korporat\PR13_Sopina_ RPA_OCR_p1_var28\resource\296f8ecd-7194-40a5-a272-7c1b2950d9e8\servo_585.py
2026-05-21T16:49:39+0300 ERROR: D:\univer\korporat\PR13_Sopina_ RPA_OCR_p1_var28\resource\296f8ecd-7194-40a5-a272-7c1b2950d9e8\servo_585.py Ошибка: [WinError 32] Процесс не может получить доступ к файлу, так как этот файл занят другим процессом: 'D:\\Reports'
2026-05-21T16:49:41+0300 ERROR: Завершение выполнения процесса. D:\univer\korporat\PR13_Sopina_ RPA_OCR_p1_var28\process\Процесс 1.json
2026-05-21T16:49:44+0300 INFO: Запуск процесса из студии разработки. D:\univer\korporat\PR13_Sopina_ RPA_OCR_p1_var28\process\Процесс 1.json
2026-05-21T16:49:45+0300 INFO: Старт робота: D:\univer\korporat\PR13_Sopina_ RPA_OCR_p1_var28\resource\22fb5f56-f64f-4508-a3f1-db33caca8db6\servo_585.py
2026-05-21T16:49:53+0300 INFO: Завершение работы робота: D:\univer\korporat\PR13_Sopina_ RPA_OCR_p1_var28\resource\22fb5f56-f64f-4508-a3f1-db33caca8db6\servo_585.py
2026-05-21T16:49:54+0300 INFO: Завершение выполнения процесса. D:\univer\korporat\PR13_Sopina_ RPA_OCR_p1_var28\process\Процесс 1.json
2026-05-21T16:51:52+0300 INFO: Запуск процесса из студии разработки. D:\univer\korporat\PR13_Sopina_ RPA_OCR_p1_var28\process\Процесс 1.json
2026-05-21T16:51:53+0300 INFO: Старт робота: D:\univer\korporat\PR13_Sopina_ RPA_OCR_p1_var28\resource\76f2298d-75cf-4454-b80a-727c676ff30f\servo_585.py
2026-05-21T16:51:53+0300 ERROR: D:\univer\korporat\PR13_Sopina_ RPA_OCR_p1_var28\resource\76f2298d-75cf-4454-b80a-727c676ff30f\servo_585.py Ошибка: [WinError 32] Процесс не может получить доступ к файлу, так как этот файл занят другим процессом: 'D:\\Reports'
2026-05-21T16:51:55+0300 ERROR: Завершение выполнения процесса. D:\univer\korporat\PR13_Sopina_ RPA_OCR_p1_var28\process\Процесс 1.json
2026-05-21T16:51:57+0300 INFO: Запуск процесса из студии разработки. D:\univer\korporat\PR13_Sopina_ RPA_OCR_p1_var28\process\Процесс 1.json
2026-05-21T16:51:58+0300 INFO: Старт робота: D:\univer\korporat\PR13_Sopina_ RPA_OCR_p1_var28\resource\7a6a5dd8-ddd1-4af1-b2cc-3d9d0a848be7\servo_585.py
2026-05-21T16:52:02+0300 INFO: Завершение работы робота: D:\univer\korporat\PR13_Sopina_ RPA_OCR_p1_var28\resource\7a6a5dd8-ddd1-4af1-b2cc-3d9d0a848be7\servo_585.py
2026-05-21T16:52:02+0300 INFO: Завершение выполнения процесса. D:\univer\korporat\PR13_Sopina_ RPA_OCR_p1_var28\process\Процесс 1.json
2026-05-21T16:54:28+0300 INFO: Запуск процесса из студии разработки. D:\univer\korporat\PR13_Sopina_ RPA_OCR_p1_var28\process\Процесс 1.json
2026-05-21T16:54:29+0300 INFO: Старт робота: D:\univer\korporat\PR13_Sopina_ RPA_OCR_p1_var28\resource\4e77a6c8-2ce7-4332-be91-b73463fb8466\servo_585.py
2026-05-21T16:54:29+0300 ERROR: D:\univer\korporat\PR13_Sopina_ RPA_OCR_p1_var28\resource\4e77a6c8-2ce7-4332-be91-b73463fb8466\servo_585.py Ошибка: [WinError 32] Процесс не может получить доступ к файлу, так как этот файл занят другим процессом: 'D:\\Reports'
2026-05-21T16:54:31+0300 ERROR: Завершение выполнения процесса. D:\univer\korporat\PR13_Sopina_ RPA_OCR_p1_var28\process\Процесс 1.json
2026-05-21T16:54:34+0300 INFO: Запуск процесса из студии разработки. D:\univer\korporat\PR13_Sopina_ RPA_OCR_p1_var28\process\Процесс 1.json
2026-05-21T16:54:35+0300 INFO: Старт робота: D:\univer\korporat\PR13_Sopina_ RPA_OCR_p1_var28\resource\bfaac13a-eba0-4125-9498-a735d66fcb1e\servo_585.py
2026-05-21T16:54:39+0300 INFO: Завершение работы робота: D:\univer\korporat\PR13_Sopina_ RPA_OCR_p1_var28\resource\bfaac13a-eba0-4125-9498-a735d66fcb1e\servo_585.py
2026-05-21T16:54:40+0300 INFO: Завершение выполнения процесса. D:\univer\korporat\PR13_Sopina_ RPA_OCR_p1_var28\process\Процесс 1.json
2026-05-21T16:59:03+0300 INFO: Запуск процесса из студии разработки. D:\univer\korporat\PR13_Sopina_ RPA_OCR_p1_var28\process\Процесс 1.json
2026-05-21T16:59:04+0300 INFO: Старт робота: D:\univer\korporat\PR13_Sopina_ RPA_OCR_p1_var28\resource\6254bf73-caac-450b-93c4-f382516ccb3d\servo_585.py
2026-05-21T16:59:04+0300 ERROR: D:\univer\korporat\PR13_Sopina_ RPA_OCR_p1_var28\resource\6254bf73-caac-450b-93c4-f382516ccb3d\servo_585.py Ошибка: [WinError 32] Процесс не может получить доступ к файлу, так как этот файл занят другим процессом: 'D:\\Reports'
2026-05-21T16:59:07+0300 ERROR: Завершение выполнения процесса. D:\univer\korporat\PR13_Sopina_ RPA_OCR_p1_var28\process\Процесс 1.json
2026-05-21T16:59:10+0300 INFO: Запуск процесса из студии разработки. D:\univer\korporat\PR13_Sopina_ RPA_OCR_p1_var28\process\Процесс 1.json
2026-05-21T16:59:11+0300 INFO: Старт робота: D:\univer\korporat\PR13_Sopina_ RPA_OCR_p1_var28\resource\991dbb88-3f30-4bf7-bbc7-1176a2bc7b8f\servo_585.py
2026-05-21T16:59:15+0300 INFO: Завершение работы робота: D:\univer\korporat\PR13_Sopina_ RPA_OCR_p1_var28\resource\991dbb88-3f30-4bf7-bbc7-1176a2bc7b8f\servo_585.py
2026-05-21T16:59:16+0300 INFO: Завершение выполнения процесса. D:\univer\korporat\PR13_Sopina_ RPA_OCR_p1_var28\process\Процесс 1.json
