2026-02-26T21:04:39+0300 INFO: Запуск процесса из студии разработки. D:\univer\korporat\Пкс 2\process\Процесс 1.json
2026-02-26T21:04:42+0300 INFO: Старт робота: D:\univer\korporat\Пкс 2\resource\b2018243-4a1d-42b8-bcc8-5dc20a392b33\makPal_291.py
2026-02-26T21:04:43+0300 ERROR: D:\univer\korporat\Пкс 2\resource\b2018243-4a1d-42b8-bcc8-5dc20a392b33\makPal_291.py Ошибка: 51
2026-02-26T21:04:49+0300 ERROR: Завершение выполнения процесса. D:\univer\korporat\Пкс 2\process\Процесс 1.json
2026-02-26T21:05:06+0300 INFO: Запуск процесса из студии разработки. D:\univer\korporat\Пкс 2\process\Процесс 1.json
2026-02-26T21:05:08+0300 INFO: Старт робота: D:\univer\korporat\Пкс 2\resource\4162963e-714d-4139-b259-276adc00a2a0\makPal_291.py
2026-02-26T21:05:08+0300 ERROR: D:\univer\korporat\Пкс 2\resource\4162963e-714d-4139-b259-276adc00a2a0\makPal_291.py Ошибка: 51
2026-02-26T21:05:10+0300 ERROR: Завершение выполнения процесса. D:\univer\korporat\Пкс 2\process\Процесс 1.json
2026-02-26T21:25:40+0300 INFO: Запуск процесса из студии разработки. D:\univer\korporat\Пкс 2\process\Процесс 1.json
2026-02-26T21:25:41+0300 INFO: Старт робота: D:\univer\korporat\Пкс 2\resource\c99cda6c-9ec1-4553-9a82-d1c8f83f153c\makPal_291.py
2026-02-26T21:25:42+0300 ERROR: D:\univer\korporat\Пкс 2\resource\c99cda6c-9ec1-4553-9a82-d1c8f83f153c\makPal_291.py Ошибка: 51
2026-02-26T21:25:44+0300 ERROR: Завершение выполнения процесса. D:\univer\korporat\Пкс 2\process\Процесс 1.json
2026-02-26T21:26:01+0300 INFO: Запуск процесса из студии разработки. D:\univer\korporat\Пкс 2\process\Процесс 1.json
2026-02-26T21:26:02+0300 INFO: Старт робота: D:\univer\korporat\Пкс 2\resource\811227f6-9112-4184-a545-b764776f4ba6\makPal_291.py
2026-02-26T21:26:03+0300 ERROR: D:\univer\korporat\Пкс 2\resource\811227f6-9112-4184-a545-b764776f4ba6\makPal_291.py Ошибка: 51
2026-02-26T21:26:05+0300 ERROR: Завершение выполнения процесса. D:\univer\korporat\Пкс 2\process\Процесс 1.json
2026-02-26T21:27:05+0300 INFO: Старт робота: D:\univer\korporat\Пкс 2\resource\b1fb2c6b-b8b5-4261-b06e-717c0e7a228c\makPal_291.py
2026-02-26T21:27:19+0300 ERROR: D:\univer\korporat\Пкс 2\resource\b1fb2c6b-b8b5-4261-b06e-717c0e7a228c\makPal_291.py Ошибка: 51
2026-02-26T21:27:40+0300 INFO: Старт робота: D:\univer\korporat\Пкс 2\resource\91ebbfd2-0434-4572-afd0-0ecf8e352d35\makPal_291.py
2026-02-26T21:27:54+0300 ERROR: D:\univer\korporat\Пкс 2\resource\91ebbfd2-0434-4572-afd0-0ecf8e352d35\makPal_291.py Ошибка: 51
2026-02-26T21:31:10+0300 INFO: Запуск процесса из студии разработки. D:\univer\korporat\Пкс 2\process\Процесс 1.json
2026-02-26T21:31:12+0300 INFO: Старт робота: D:\univer\korporat\Пкс 2\resource\f26e92a8-6fc5-4d41-81a5-2a0b312463c7\makPal_291.py
2026-02-26T21:31:30+0300 INFO: Завершение работы робота: D:\univer\korporat\Пкс 2\resource\f26e92a8-6fc5-4d41-81a5-2a0b312463c7\makPal_291.py
2026-02-26T21:31:31+0300 INFO: Завершение выполнения процесса. D:\univer\korporat\Пкс 2\process\Процесс 1.json
2026-02-26T21:33:43+0300 INFO: Запуск процесса из студии разработки. D:\univer\korporat\Пкс 2\process\Процесс 1.json
2026-02-26T21:33:45+0300 INFO: Старт робота: D:\univer\korporat\Пкс 2\resource\79e9b4fd-d6ca-4ded-b09d-673d5f502369\makPal_291.py
2026-02-26T21:34:16+0300 INFO: Запуск процесса из студии разработки. D:\univer\korporat\Пкс 2\process\Процесс 1.json
2026-02-26T21:34:18+0300 INFO: Старт робота: D:\univer\korporat\Пкс 2\resource\e7250b86-2187-4af7-bf36-2f89c9c578b3\makPal_291.py
2026-02-26T21:35:19+0300 INFO: Запуск процесса из студии разработки. D:\univer\korporat\Пкс 2\process\Процесс 1.json
2026-02-26T21:35:20+0300 INFO: Старт робота: D:\univer\korporat\Пкс 2\resource\6e9da9dc-5228-4ff9-bf2f-9a5fe6ab0bb8\makPal_291.py
2026-02-26T21:39:38+0300 INFO: Завершение выполнения процесса. D:\univer\korporat\Пкс 2\process\Процесс 1.json
2026-02-26T21:39:41+0300 INFO: Завершение выполнения процесса. D:\univer\korporat\Пкс 2\process\Процесс 1.json
2026-02-26T21:39:42+0300 INFO: Завершение выполнения процесса. D:\univer\korporat\Пкс 2\process\Процесс 1.json
2026-02-26T21:39:54+0300 INFO: Запуск процесса из студии разработки. D:\univer\korporat\Пкс 2\process\Процесс 1.json
2026-02-26T21:39:55+0300 INFO: Старт робота: D:\univer\korporat\Пкс 2\resource\6ce992b0-9953-4bdd-9981-387bc0c062db\makPal_291.py
2026-02-26T21:46:03+0300 INFO: Запуск процесса из студии разработки. D:\univer\korporat\Пкс 2\process\Процесс 1.json
2026-02-26T21:46:04+0300 INFO: Старт робота: D:\univer\korporat\Пкс 2\resource\cfb4dd94-3b0c-4e36-82ec-127bb8c1b727\makPal_291.py
2026-02-26T21:46:08+0300 ERROR: D:\univer\korporat\Пкс 2\resource\cfb4dd94-3b0c-4e36-82ec-127bb8c1b727\makPal_291.py Ошибка: name 'total_record' is not defined
2026-02-26T21:46:12+0300 ERROR: Завершение выполнения процесса. D:\univer\korporat\Пкс 2\process\Процесс 1.json
2026-02-26T21:46:19+0300 INFO: Запуск процесса из студии разработки. D:\univer\korporat\Пкс 2\process\Процесс 1.json
2026-02-26T21:46:20+0300 INFO: Старт робота: D:\univer\korporat\Пкс 2\resource\96f8f911-73d9-4af0-aede-0a4d5f0028d0\makPal_291.py
2026-02-26T21:46:49+0300 INFO: Завершение работы робота: D:\univer\korporat\Пкс 2\resource\96f8f911-73d9-4af0-aede-0a4d5f0028d0\makPal_291.py
2026-02-26T21:46:51+0300 INFO: Завершение выполнения процесса. D:\univer\korporat\Пкс 2\process\Процесс 1.json
2026-02-26T21:46:54+0300 INFO: Запуск процесса из студии разработки. D:\univer\korporat\Пкс 2\process\Процесс 1.json
2026-02-26T21:46:55+0300 INFO: Старт робота: D:\univer\korporat\Пкс 2\resource\af2127d9-4deb-49a2-8159-1337ed6e9f7b\makPal_291.py
2026-02-26T21:47:38+0300 INFO: Запуск процесса из студии разработки. D:\univer\korporat\Пкс 2\process\Процесс 1.json
2026-02-26T21:47:39+0300 INFO: Старт робота: D:\univer\korporat\Пкс 2\resource\98b97c08-8a2b-4037-b8b1-1c783ea543d0\makPal_291.py
2026-02-26T21:48:09+0300 INFO: Запуск процесса из студии разработки. D:\univer\korporat\Пкс 2\process\Процесс 1.json
2026-02-26T21:48:10+0300 INFO: Старт робота: D:\univer\korporat\Пкс 2\resource\aedd390a-6f48-43a9-a84c-73edf845a602\makPal_291.py
2026-02-26T21:48:42+0300 INFO: Запуск процесса из студии разработки. D:\univer\korporat\Пкс 2\process\Процесс 1.json
2026-02-26T21:48:43+0300 INFO: Старт робота: D:\univer\korporat\Пкс 2\resource\87e82180-e0bf-4ecf-8849-ea66f33b2c3c\makPal_291.py
2026-02-26T21:50:07+0300 INFO: Запуск процесса из студии разработки. D:\univer\korporat\Пкс 2\process\Процесс 1.json
2026-02-26T21:50:08+0300 INFO: Старт робота: D:\univer\korporat\Пкс 2\resource\a3a89842-747d-4062-93be-72d786329652\makPal_291.py
2026-02-26T21:52:33+0300 INFO: Запуск процесса из студии разработки. D:\univer\korporat\Пкс 2\process\Процесс 1.json
2026-02-26T21:52:34+0300 INFO: Старт робота: D:\univer\korporat\Пкс 2\resource\7a3382a2-4f54-4307-bf7a-d6c209e4e550\makPal_291.py
2026-02-26T22:59:25+0300 INFO: Завершение работы робота: D:\univer\korporat\Пкс 2\resource\6ce992b0-9953-4bdd-9981-387bc0c062db\makPal_291.py
2026-02-26T22:59:25+0300 ERROR: Ошибка отправки сообщения через WebSocket: [WinError 10054] Удаленный хост принудительно разорвал существующее подключение
2026-02-26T22:59:26+0300 INFO: Завершение работы робота: D:\univer\korporat\Пкс 2\resource\af2127d9-4deb-49a2-8159-1337ed6e9f7b\makPal_291.py
2026-02-26T22:59:26+0300 ERROR: Ошибка отправки сообщения через WebSocket: [WinError 10054] Удаленный хост принудительно разорвал существующее подключение
2026-02-26T22:59:29+0300 INFO: Завершение работы робота: D:\univer\korporat\Пкс 2\resource\98b97c08-8a2b-4037-b8b1-1c783ea543d0\makPal_291.py
2026-02-26T22:59:29+0300 ERROR: Ошибка отправки сообщения через WebSocket: [WinError 10054] Удаленный хост принудительно разорвал существующее подключение
2026-02-26T22:59:31+0300 INFO: Завершение работы робота: D:\univer\korporat\Пкс 2\resource\aedd390a-6f48-43a9-a84c-73edf845a602\makPal_291.py
2026-02-26T22:59:31+0300 ERROR: Ошибка отправки сообщения через WebSocket: [WinError 10054] Удаленный хост принудительно разорвал существующее подключение
2026-02-26T22:59:32+0300 INFO: Завершение работы робота: D:\univer\korporat\Пкс 2\resource\87e82180-e0bf-4ecf-8849-ea66f33b2c3c\makPal_291.py
2026-02-26T22:59:32+0300 ERROR: Ошибка отправки сообщения через WebSocket: [WinError 10054] Удаленный хост принудительно разорвал существующее подключение
2026-02-26T22:59:33+0300 INFO: Завершение работы робота: D:\univer\korporat\Пкс 2\resource\a3a89842-747d-4062-93be-72d786329652\makPal_291.py
2026-02-26T22:59:33+0300 ERROR: Ошибка отправки сообщения через WebSocket: [WinError 10054] Удаленный хост принудительно разорвал существующее подключение
2026-02-26T22:59:34+0300 INFO: Завершение работы робота: D:\univer\korporat\Пкс 2\resource\7a3382a2-4f54-4307-bf7a-d6c209e4e550\makPal_291.py
2026-02-26T22:59:34+0300 ERROR: Ошибка отправки сообщения через WebSocket: [WinError 10054] Удаленный хост принудительно разорвал существующее подключение
