2026-03-04T15:05:26+0300 INFO: Запуск процесса из студии разработки. D:\univer\korporat\Пкс 2 Сопина\process\Процесс 2.json
2026-03-04T15:05:28+0300 INFO: Старт робота: D:\univer\korporat\Пкс 2 Сопина\resource\99e9d6b8-da4a-466d-8f1e-c3f718b1c273\synth_859.py
2026-03-04T15:05:28+0300 ERROR: D:\univer\korporat\Пкс 2 Сопина\resource\99e9d6b8-da4a-466d-8f1e-c3f718b1c273\synth_859.py Ошибка: [Errno 2] No such file or directory: 'D:\\univer\\korporat\\Пкс 2\\resource\\DesignCourses_Result.xlsx'
2026-03-04T15:05:31+0300 ERROR: Завершение выполнения процесса. D:\univer\korporat\Пкс 2 Сопина\process\Процесс 2.json
2026-03-04T15:05:51+0300 INFO: Запуск процесса из студии разработки. D:\univer\korporat\Пкс 2 Сопина\process\Процесс 2.json
2026-03-04T15:05:52+0300 INFO: Старт робота: D:\univer\korporat\Пкс 2 Сопина\resource\f765a4e3-02ac-4165-b74c-5f44c7b57cea\synth_859.py
2026-03-04T15:05:52+0300 ERROR: D:\univer\korporat\Пкс 2 Сопина\resource\f765a4e3-02ac-4165-b74c-5f44c7b57cea\synth_859.py Ошибка: [Errno 2] No such file or directory: 'D:\\univer\\korporat\\Пкс 2\\resource\\DesignCourses_Result.xlsx'
2026-03-04T15:05:54+0300 ERROR: Завершение выполнения процесса. D:\univer\korporat\Пкс 2 Сопина\process\Процесс 2.json
2026-03-04T15:06:49+0300 INFO: Запуск процесса из студии разработки. D:\univer\korporat\Пкс 2 Сопина\process\Процесс 2.json
2026-03-04T15:06:50+0300 INFO: Старт робота: D:\univer\korporat\Пкс 2 Сопина\resource\79452a5e-9aec-4bb8-bce0-3e6f82460c8b\synth_859.py
2026-03-04T15:06:50+0300 ERROR: D:\univer\korporat\Пкс 2 Сопина\resource\79452a5e-9aec-4bb8-bce0-3e6f82460c8b\synth_859.py Ошибка: cannot access local variable 'forecast_designer_risk' where it is not associated with a value
2026-03-04T15:06:55+0300 ERROR: Завершение выполнения процесса. D:\univer\korporat\Пкс 2 Сопина\process\Процесс 2.json
2026-03-04T15:07:06+0300 INFO: Запуск процесса из студии разработки. D:\univer\korporat\Пкс 2 Сопина\process\Процесс 2.json
2026-03-04T15:07:07+0300 INFO: Старт робота: D:\univer\korporat\Пкс 2 Сопина\resource\4141f730-fbea-4e7c-95fc-a95475cec57e\synth_859.py
2026-03-04T15:07:07+0300 ERROR: D:\univer\korporat\Пкс 2 Сопина\resource\4141f730-fbea-4e7c-95fc-a95475cec57e\synth_859.py Ошибка: cannot access local variable 'forecast_designer_risk' where it is not associated with a value
2026-03-04T15:07:25+0300 ERROR: Завершение выполнения процесса. D:\univer\korporat\Пкс 2 Сопина\process\Процесс 2.json
2026-03-04T15:07:59+0300 INFO: Запуск процесса из студии разработки. D:\univer\korporat\Пкс 2 Сопина\process\Процесс 2.json
2026-03-04T15:08:00+0300 INFO: Старт робота: D:\univer\korporat\Пкс 2 Сопина\resource\c11ebc7d-7e6a-4202-abe9-37c432f62149\synth_859.py
2026-03-04T15:08:03+0300 ERROR: D:\univer\korporat\Пкс 2 Сопина\resource\c11ebc7d-7e6a-4202-abe9-37c432f62149\synth_859.py Ошибка: division by zero
2026-03-04T15:08:06+0300 ERROR: Завершение выполнения процесса. D:\univer\korporat\Пкс 2 Сопина\process\Процесс 2.json
2026-03-04T15:08:53+0300 INFO: Запуск процесса из студии разработки. D:\univer\korporat\Пкс 2 Сопина\process\Процесс 2.json
2026-03-04T15:08:55+0300 INFO: Старт робота: D:\univer\korporat\Пкс 2 Сопина\resource\559d6aba-b820-4acf-b412-a42a1e694ec3\synth_859.py
2026-03-04T15:10:52+0300 INFO: Завершение выполнения процесса. D:\univer\korporat\Пкс 2 Сопина\process\Процесс 2.json
2026-03-04T15:12:35+0300 INFO: Запуск процесса из студии разработки. D:\univer\korporat\Пкс 2 Сопина\process\Процесс 2.json
2026-03-04T15:12:36+0300 INFO: Старт робота: D:\univer\korporat\Пкс 2 Сопина\resource\32ef017b-0d63-45b8-80ff-bca5f7c498ec\synth_859.py
2026-03-04T15:12:36+0300 ERROR: D:\univer\korporat\Пкс 2 Сопина\resource\32ef017b-0d63-45b8-80ff-bca5f7c498ec\synth_859.py Ошибка: [Errno 13] Permission denied: 'D:\\univer\\korporat\\Пкс 2 Сопина\\resource\\DesignCourses_Result.xlsx'
2026-03-04T15:12:48+0300 ERROR: Завершение выполнения процесса. D:\univer\korporat\Пкс 2 Сопина\process\Процесс 2.json
2026-03-04T15:13:02+0300 INFO: Запуск процесса из студии разработки. D:\univer\korporat\Пкс 2 Сопина\process\Процесс 2.json
2026-03-04T15:13:04+0300 INFO: Старт робота: D:\univer\korporat\Пкс 2 Сопина\resource\5b2bf4c0-6a1c-4098-a6ed-b30d3e300e1f\synth_859.py
2026-03-04T15:13:32+0300 INFO: Завершение выполнения процесса. D:\univer\korporat\Пкс 2 Сопина\process\Процесс 2.json
2026-03-04T15:13:36+0300 INFO: Запуск процесса из студии разработки. D:\univer\korporat\Пкс 2 Сопина\process\Процесс 1.json
2026-03-04T15:13:39+0300 INFO: Старт робота: D:\univer\korporat\Пкс 2 Сопина\resource\8c1700ef-fb4d-4947-ba20-76220f80bf8e\makPal_291.py
2026-03-04T15:13:39+0300 ERROR: D:\univer\korporat\Пкс 2 Сопина\resource\8c1700ef-fb4d-4947-ba20-76220f80bf8e\makPal_291.py Ошибка: [Errno 2] No such file or directory: 'D:\\univer\\korporat\\Пкс 2\\resource\\DesignCourses_Result.xlsx'
2026-03-04T15:13:45+0300 ERROR: Завершение выполнения процесса. D:\univer\korporat\Пкс 2 Сопина\process\Процесс 1.json
2026-03-04T15:14:29+0300 INFO: Запуск процесса из студии разработки. D:\univer\korporat\Пкс 2 Сопина\process\Процесс 1.json
2026-03-04T15:14:30+0300 INFO: Старт робота: D:\univer\korporat\Пкс 2 Сопина\resource\0bc16c17-ec00-4a12-9cc8-f364bfada4f1\makPal_291.py
2026-03-04T15:15:05+0300 INFO: Завершение выполнения процесса. D:\univer\korporat\Пкс 2 Сопина\process\Процесс 1.json
