2026-02-24T18:17:01+0300 INFO: Запуск процесса из студии разработки. D:\univer\korporat\Пкс 2\process\Процесс 1.json
2026-02-24T18:17:04+0300 INFO: Старт робота: D:\univer\korporat\Пкс 2\resource\50c07e84-2cec-4ff0-abe3-373645a614c8\makPal_291.py
2026-02-24T18:17:04+0300 ERROR: D:\univer\korporat\Пкс 2\resource\50c07e84-2cec-4ff0-abe3-373645a614c8\makPal_291.py Ошибка: unsupported operand type(s) for -: 'NoneType' and 'NoneType'
2026-02-24T18:17:11+0300 ERROR: Завершение выполнения процесса. D:\univer\korporat\Пкс 2\process\Процесс 1.json
2026-02-24T18:17:50+0300 INFO: Запуск процесса из студии разработки. D:\univer\korporat\Пкс 2\process\Процесс 1.json
2026-02-24T18:17:52+0300 INFO: Старт робота: D:\univer\korporat\Пкс 2\resource\a4c976e8-bdf1-4e7b-a709-ae4a35ae686b\makPal_291.py
2026-02-24T18:17:52+0300 ERROR: D:\univer\korporat\Пкс 2\resource\a4c976e8-bdf1-4e7b-a709-ae4a35ae686b\makPal_291.py Ошибка: argument of type 'NoneType' is not iterable
2026-02-24T18:17:54+0300 ERROR: Завершение выполнения процесса. D:\univer\korporat\Пкс 2\process\Процесс 1.json
2026-02-24T18:18:21+0300 INFO: Запуск процесса из студии разработки. D:\univer\korporat\Пкс 2\process\Процесс 1.json
2026-02-24T18:18:22+0300 INFO: Старт робота: D:\univer\korporat\Пкс 2\resource\3159a7f0-03c2-4d5b-b56f-713211aa6666\makPal_291.py
2026-02-24T18:18:22+0300 ERROR: D:\univer\korporat\Пкс 2\resource\3159a7f0-03c2-4d5b-b56f-713211aa6666\makPal_291.py Ошибка: argument of type 'NoneType' is not iterable
2026-02-24T18:18:26+0300 ERROR: Завершение выполнения процесса. D:\univer\korporat\Пкс 2\process\Процесс 1.json
2026-02-24T18:19:15+0300 INFO: Запуск процесса из студии разработки. D:\univer\korporat\Пкс 2\process\Процесс 1.json
2026-02-24T18:19:16+0300 INFO: Старт робота: D:\univer\korporat\Пкс 2\resource\71819036-439a-48b7-8472-6ab4f0467015\makPal_291.py
2026-02-24T18:20:23+0300 INFO: Запуск процесса из студии разработки. D:\univer\korporat\Пкс 2\process\Процесс 1.json
2026-02-24T18:20:24+0300 INFO: Старт робота: D:\univer\korporat\Пкс 2\resource\4588f3eb-60ef-4b6e-b884-1238d14d1c20\makPal_291.py
2026-02-24T18:20:27+0300 ERROR: D:\univer\korporat\Пкс 2\resource\4588f3eb-60ef-4b6e-b884-1238d14d1c20\makPal_291.py Ошибка: argument of type 'NoneType' is not iterable
2026-02-24T18:20:29+0300 ERROR: Завершение выполнения процесса. D:\univer\korporat\Пкс 2\process\Процесс 1.json
2026-02-24T18:20:37+0300 INFO: Запуск процесса из студии разработки. D:\univer\korporat\Пкс 2\process\Процесс 1.json
2026-02-24T18:20:38+0300 INFO: Старт робота: D:\univer\korporat\Пкс 2\resource\14c7cea6-a367-4109-be0d-688eeb9e4358\makPal_291.py
2026-02-24T18:20:43+0300 ERROR: D:\univer\korporat\Пкс 2\resource\14c7cea6-a367-4109-be0d-688eeb9e4358\makPal_291.py Ошибка: argument of type 'NoneType' is not iterable
2026-02-24T18:20:46+0300 ERROR: Завершение выполнения процесса. D:\univer\korporat\Пкс 2\process\Процесс 1.json
2026-02-24T18:20:59+0300 INFO: Запуск процесса из студии разработки. D:\univer\korporat\Пкс 2\process\Процесс 1.json
2026-02-24T18:21:00+0300 INFO: Старт робота: D:\univer\korporat\Пкс 2\resource\3bc18463-8f2a-4239-b795-db1852051bfd\makPal_291.py
2026-02-24T18:21:10+0300 ERROR: D:\univer\korporat\Пкс 2\resource\3bc18463-8f2a-4239-b795-db1852051bfd\makPal_291.py Ошибка: argument of type 'NoneType' is not iterable
2026-02-24T18:21:11+0300 INFO: Завершение выполнения процесса. D:\univer\korporat\Пкс 2\process\Процесс 1.json
2026-02-24T18:21:34+0300 INFO: Запуск процесса из студии разработки. D:\univer\korporat\Пкс 2\process\Процесс 1.json
2026-02-24T18:21:35+0300 INFO: Старт робота: D:\univer\korporat\Пкс 2\resource\8292e7eb-9d48-438c-a762-e8bb78fa4364\makPal_291.py
2026-02-24T18:21:41+0300 ERROR: D:\univer\korporat\Пкс 2\resource\8292e7eb-9d48-438c-a762-e8bb78fa4364\makPal_291.py Ошибка: unsupported operand type(s) for -: 'str' and 'NoneType'
2026-02-24T18:21:44+0300 ERROR: Завершение выполнения процесса. D:\univer\korporat\Пкс 2\process\Процесс 1.json
2026-02-24T18:21:59+0300 INFO: Запуск процесса из студии разработки. D:\univer\korporat\Пкс 2\process\Процесс 1.json
2026-02-24T18:22:00+0300 INFO: Старт робота: D:\univer\korporat\Пкс 2\resource\4f2010d0-e2c5-43b7-98ad-5be3ba0a5498\makPal_291.py
2026-02-24T18:22:05+0300 ERROR: D:\univer\korporat\Пкс 2\resource\4f2010d0-e2c5-43b7-98ad-5be3ba0a5498\makPal_291.py Ошибка: unsupported operand type(s) for -: 'str' and 'NoneType'
2026-02-24T18:22:07+0300 ERROR: Завершение выполнения процесса. D:\univer\korporat\Пкс 2\process\Процесс 1.json
2026-02-24T18:22:10+0300 INFO: Запуск процесса из студии разработки. D:\univer\korporat\Пкс 2\process\Процесс 1.json
2026-02-24T18:22:11+0300 INFO: Старт робота: D:\univer\korporat\Пкс 2\resource\038a285c-a1a0-4f20-9af4-de688cc6579f\makPal_291.py
2026-02-24T18:22:23+0300 ERROR: D:\univer\korporat\Пкс 2\resource\038a285c-a1a0-4f20-9af4-de688cc6579f\makPal_291.py Ошибка: unsupported operand type(s) for -: 'str' and 'NoneType'
2026-02-24T18:22:24+0300 ERROR: Завершение выполнения процесса. D:\univer\korporat\Пкс 2\process\Процесс 1.json
2026-02-24T18:22:44+0300 INFO: Запуск процесса из студии разработки. D:\univer\korporat\Пкс 2\process\Процесс 1.json
2026-02-24T18:22:45+0300 INFO: Старт робота: D:\univer\korporat\Пкс 2\resource\7dddf74b-c8a6-44ac-bec9-7f7e37550593\makPal_291.py
2026-02-24T18:23:01+0300 ERROR: D:\univer\korporat\Пкс 2\resource\7dddf74b-c8a6-44ac-bec9-7f7e37550593\makPal_291.py Ошибка: unsupported operand type(s) for -: 'str' and 'NoneType'
2026-02-24T18:23:02+0300 ERROR: Завершение выполнения процесса. D:\univer\korporat\Пкс 2\process\Процесс 1.json
2026-02-24T18:23:04+0300 INFO: Запуск процесса из студии разработки. D:\univer\korporat\Пкс 2\process\Процесс 1.json
2026-02-24T18:23:05+0300 INFO: Старт робота: D:\univer\korporat\Пкс 2\resource\c22b29ab-94f5-464c-8a15-3b86801ffabf\makPal_291.py
2026-02-24T18:23:12+0300 ERROR: D:\univer\korporat\Пкс 2\resource\c22b29ab-94f5-464c-8a15-3b86801ffabf\makPal_291.py Ошибка: unsupported operand type(s) for -: 'str' and 'NoneType'
2026-02-24T18:23:17+0300 ERROR: Завершение выполнения процесса. D:\univer\korporat\Пкс 2\process\Процесс 1.json
2026-02-24T18:23:53+0300 INFO: Запуск процесса из студии разработки. D:\univer\korporat\Пкс 2\process\Процесс 1.json
2026-02-24T18:23:54+0300 INFO: Старт робота: D:\univer\korporat\Пкс 2\resource\1993385c-b65b-4335-b460-5fb60f1358ed\makPal_291.py
2026-02-24T18:23:57+0300 ERROR: D:\univer\korporat\Пкс 2\resource\1993385c-b65b-4335-b460-5fb60f1358ed\makPal_291.py Ошибка: unsupported operand type(s) for -: 'NoneType' and 'NoneType'
2026-02-24T18:23:59+0300 ERROR: Завершение выполнения процесса. D:\univer\korporat\Пкс 2\process\Процесс 1.json
2026-02-24T18:25:37+0300 INFO: Запуск процесса из студии разработки. D:\univer\korporat\Пкс 2\process\Процесс 1.json
2026-02-24T18:25:38+0300 INFO: Старт робота: D:\univer\korporat\Пкс 2\resource\8b79ec87-049a-4b54-91b6-dabb9401fd8c\makPal_291.py
2026-02-24T18:25:38+0300 ERROR: D:\univer\korporat\Пкс 2\resource\8b79ec87-049a-4b54-91b6-dabb9401fd8c\makPal_291.py Ошибка: name 'text' is not defined
2026-02-24T18:25:41+0300 ERROR: Завершение выполнения процесса. D:\univer\korporat\Пкс 2\process\Процесс 1.json
2026-02-24T18:25:58+0300 INFO: Запуск процесса из студии разработки. D:\univer\korporat\Пкс 2\process\Процесс 1.json
2026-02-24T18:25:59+0300 INFO: Старт робота: D:\univer\korporat\Пкс 2\resource\4c1e541e-91ba-42fc-a19b-3d7e8e3bbe9c\makPal_291.py
2026-02-24T18:26:06+0300 ERROR: D:\univer\korporat\Пкс 2\resource\4c1e541e-91ba-42fc-a19b-3d7e8e3bbe9c\makPal_291.py Ошибка: unsupported operand type(s) for -: 'str' and 'NoneType'
2026-02-24T18:26:07+0300 ERROR: Завершение выполнения процесса. D:\univer\korporat\Пкс 2\process\Процесс 1.json
2026-02-24T18:26:30+0300 INFO: Запуск процесса из студии разработки. D:\univer\korporat\Пкс 2\process\Процесс 1.json
2026-02-24T18:26:31+0300 INFO: Старт робота: D:\univer\korporat\Пкс 2\resource\5d4b2a85-857e-4732-b276-94987169c78a\makPal_291.py
2026-02-24T18:26:34+0300 ERROR: D:\univer\korporat\Пкс 2\resource\5d4b2a85-857e-4732-b276-94987169c78a\makPal_291.py Ошибка: unsupported operand type(s) for -: 'int' and 'NoneType'
2026-02-24T18:26:38+0300 ERROR: Завершение выполнения процесса. D:\univer\korporat\Пкс 2\process\Процесс 1.json
2026-02-24T18:26:45+0300 INFO: Запуск процесса из студии разработки. D:\univer\korporat\Пкс 2\process\Процесс 1.json
2026-02-24T18:26:47+0300 INFO: Старт робота: D:\univer\korporat\Пкс 2\resource\f40e1051-52d9-463b-80c8-ed921b6792a0\makPal_291.py
2026-02-24T18:26:50+0300 ERROR: D:\univer\korporat\Пкс 2\resource\f40e1051-52d9-463b-80c8-ed921b6792a0\makPal_291.py Ошибка: unsupported operand type(s) for -: 'int' and 'NoneType'
2026-02-24T18:26:55+0300 ERROR: Завершение выполнения процесса. D:\univer\korporat\Пкс 2\process\Процесс 1.json
2026-02-24T18:27:05+0300 INFO: Запуск процесса из студии разработки. D:\univer\korporat\Пкс 2\process\Процесс 1.json
2026-02-24T18:27:07+0300 INFO: Старт робота: D:\univer\korporat\Пкс 2\resource\0296ad47-4fe3-4c21-b450-f8fb9d22fb07\makPal_291.py
2026-02-24T18:27:10+0300 ERROR: D:\univer\korporat\Пкс 2\resource\0296ad47-4fe3-4c21-b450-f8fb9d22fb07\makPal_291.py Ошибка: Не указан путь к файлу Excel
2026-02-24T18:27:13+0300 ERROR: Завершение выполнения процесса. D:\univer\korporat\Пкс 2\process\Процесс 1.json
2026-02-24T18:27:54+0300 INFO: Запуск процесса из студии разработки. D:\univer\korporat\Пкс 2\process\Процесс 1.json
2026-02-24T18:27:55+0300 INFO: Старт робота: D:\univer\korporat\Пкс 2\resource\daf0fa60-60a0-4290-b106-c47dccc67ab5\makPal_291.py
2026-02-24T18:28:11+0300 INFO: Завершение выполнения процесса. D:\univer\korporat\Пкс 2\process\Процесс 1.json
2026-02-24T18:28:16+0300 INFO: Запуск процесса из студии разработки. D:\univer\korporat\Пкс 2\process\Процесс 1.json
2026-02-24T18:28:17+0300 INFO: Старт робота: D:\univer\korporat\Пкс 2\resource\e392313c-0109-4903-9d45-1b421834d847\makPal_291.py
2026-02-24T18:28:18+0300 ERROR: D:\univer\korporat\Пкс 2\resource\e392313c-0109-4903-9d45-1b421834d847\makPal_291.py Ошибка: 51
2026-02-24T18:28:22+0300 ERROR: Завершение выполнения процесса. D:\univer\korporat\Пкс 2\process\Процесс 1.json
2026-02-24T18:29:14+0300 INFO: Запуск процесса из студии разработки. D:\univer\korporat\Пкс 2\process\Процесс 1.json
2026-02-24T18:29:15+0300 INFO: Старт робота: D:\univer\korporat\Пкс 2\resource\1d0f2a8e-7316-45de-bd40-0a78953dde28\makPal_291.py
2026-02-24T18:29:15+0300 ERROR: D:\univer\korporat\Пкс 2\resource\1d0f2a8e-7316-45de-bd40-0a78953dde28\makPal_291.py Ошибка: [Errno 13] Permission denied: 'D:\\univer\\korporat\\Пкс 2\\resource\\DesignCourses_Result.xlsx'
2026-02-24T18:29:17+0300 ERROR: Завершение выполнения процесса. D:\univer\korporat\Пкс 2\process\Процесс 1.json
2026-02-24T18:29:28+0300 INFO: Запуск процесса из студии разработки. D:\univer\korporat\Пкс 2\process\Процесс 1.json
2026-02-24T18:29:29+0300 INFO: Старт робота: D:\univer\korporat\Пкс 2\resource\c0b191ea-9651-4468-a4b1-525a12495ca1\makPal_291.py
2026-02-24T18:29:29+0300 ERROR: D:\univer\korporat\Пкс 2\resource\c0b191ea-9651-4468-a4b1-525a12495ca1\makPal_291.py Ошибка: [Errno 13] Permission denied: 'D:\\univer\\korporat\\Пкс 2\\resource\\DesignCourses_Result.xlsx'
2026-02-24T18:29:29+0300 INFO: Запуск процесса из студии разработки. D:\univer\korporat\Пкс 2\process\Процесс 1.json
2026-02-24T18:29:31+0300 INFO: Старт робота: D:\univer\korporat\Пкс 2\resource\b1b87e1a-6137-4394-a6cc-662b174b3fe6\makPal_291.py
2026-02-24T18:29:31+0300 ERROR: D:\univer\korporat\Пкс 2\resource\b1b87e1a-6137-4394-a6cc-662b174b3fe6\makPal_291.py Ошибка: [Errno 13] Permission denied: 'D:\\univer\\korporat\\Пкс 2\\resource\\DesignCourses_Result.xlsx'
2026-02-24T18:29:32+0300 ERROR: Завершение выполнения процесса. D:\univer\korporat\Пкс 2\process\Процесс 1.json
2026-02-24T18:29:34+0300 INFO: Завершение выполнения процесса. D:\univer\korporat\Пкс 2\process\Процесс 1.json
2026-02-24T18:29:35+0300 ERROR: Завершение выполнения процесса. D:\univer\korporat\Пкс 2\process\Процесс 1.json
2026-02-24T18:29:38+0300 INFO: Запуск процесса из студии разработки. D:\univer\korporat\Пкс 2\process\Процесс 1.json
2026-02-24T18:29:40+0300 INFO: Старт робота: D:\univer\korporat\Пкс 2\resource\33f2d245-667c-43ef-b5dc-90cddb1ac165\makPal_291.py
2026-02-24T18:29:40+0300 ERROR: D:\univer\korporat\Пкс 2\resource\33f2d245-667c-43ef-b5dc-90cddb1ac165\makPal_291.py Ошибка: [Errno 13] Permission denied: 'D:\\univer\\korporat\\Пкс 2\\resource\\DesignCourses_Result.xlsx'
2026-02-24T18:29:41+0300 ERROR: Завершение выполнения процесса. D:\univer\korporat\Пкс 2\process\Процесс 1.json
2026-02-24T18:29:46+0300 INFO: Запуск процесса из студии разработки. D:\univer\korporat\Пкс 2\process\Процесс 1.json
2026-02-24T18:29:47+0300 INFO: Старт робота: D:\univer\korporat\Пкс 2\resource\bf34b0be-7f51-4c4f-b7b1-129dd6ecaecd\makPal_291.py
2026-02-24T18:29:48+0300 ERROR: D:\univer\korporat\Пкс 2\resource\bf34b0be-7f51-4c4f-b7b1-129dd6ecaecd\makPal_291.py Ошибка: 51
2026-02-24T18:29:55+0300 ERROR: Завершение выполнения процесса. D:\univer\korporat\Пкс 2\process\Процесс 1.json
2026-02-24T18:32:48+0300 INFO: Запуск процесса из студии разработки. D:\univer\korporat\Пкс 2\process\Процесс 1.json
2026-02-24T18:32:49+0300 INFO: Старт робота: D:\univer\korporat\Пкс 2\resource\d01a8747-ff49-455a-8b53-e39a5b389982\makPal_291.py
2026-02-24T18:32:51+0300 ERROR: D:\univer\korporat\Пкс 2\resource\d01a8747-ff49-455a-8b53-e39a5b389982\makPal_291.py Ошибка: 51
2026-02-24T18:32:59+0300 ERROR: Завершение выполнения процесса. D:\univer\korporat\Пкс 2\process\Процесс 1.json
2026-02-24T18:33:02+0300 INFO: Запуск процесса из студии разработки. D:\univer\korporat\Пкс 2\process\Процесс 1.json
2026-02-24T18:33:03+0300 INFO: Старт робота: D:\univer\korporat\Пкс 2\resource\d3c33015-d3cb-4e4f-9dcf-0b4b00fb53ee\makPal_291.py
2026-02-24T18:33:05+0300 ERROR: D:\univer\korporat\Пкс 2\resource\d3c33015-d3cb-4e4f-9dcf-0b4b00fb53ee\makPal_291.py Ошибка: 51
2026-02-24T18:33:10+0300 ERROR: Завершение выполнения процесса. D:\univer\korporat\Пкс 2\process\Процесс 1.json
2026-02-24T18:33:44+0300 INFO: Запуск процесса из студии разработки. D:\univer\korporat\Пкс 2\process\Процесс 1.json
2026-02-24T18:33:46+0300 INFO: Старт робота: D:\univer\korporat\Пкс 2\resource\d2e3d7b0-c63a-4586-8b18-996d77507d71\makPal_291.py
2026-02-24T18:33:46+0300 ERROR: D:\univer\korporat\Пкс 2\resource\d2e3d7b0-c63a-4586-8b18-996d77507d71\makPal_291.py Ошибка: 51
2026-02-24T18:33:49+0300 ERROR: Завершение выполнения процесса. D:\univer\korporat\Пкс 2\process\Процесс 1.json
2026-02-24T18:34:46+0300 INFO: Запуск процесса из студии разработки. D:\univer\korporat\Пкс 2\process\Процесс 1.json
2026-02-24T18:34:49+0300 INFO: Старт робота: D:\univer\korporat\Пкс 2\resource\1fc94732-480f-4be1-8269-bdeaee266461\makPal_291.py
2026-02-24T18:34:49+0300 ERROR: D:\univer\korporat\Пкс 2\resource\1fc94732-480f-4be1-8269-bdeaee266461\makPal_291.py Ошибка: [Errno 13] Permission denied: 'D:\\univer\\korporat\\Пкс 2\\resource\\DesignCourses_Result.xlsx'
2026-02-24T18:34:57+0300 INFO: Запуск процесса из студии разработки. D:\univer\korporat\Пкс 2\process\Процесс 1.json
2026-02-24T18:34:59+0300 INFO: Старт робота: D:\univer\korporat\Пкс 2\resource\c7c81235-7c71-474f-89c4-b8a1aecd00f9\makPal_291.py
2026-02-24T18:35:00+0300 ERROR: Завершение выполнения процесса. D:\univer\korporat\Пкс 2\process\Процесс 1.json
2026-02-24T18:35:19+0300 INFO: Завершение выполнения процесса. D:\univer\korporat\Пкс 2\process\Процесс 1.json
2026-02-24T18:35:47+0300 INFO: Запуск процесса из студии разработки. D:\univer\korporat\Пкс 2\process\Процесс 1.json
2026-02-24T18:35:49+0300 INFO: Старт робота: D:\univer\korporat\Пкс 2\resource\a9c1f2ce-3bea-4775-9547-32b2bbb57faf\makPal_291.py
2026-02-24T18:35:50+0300 ERROR: D:\univer\korporat\Пкс 2\resource\a9c1f2ce-3bea-4775-9547-32b2bbb57faf\makPal_291.py Ошибка: 51
2026-02-24T18:35:59+0300 ERROR: Завершение выполнения процесса. D:\univer\korporat\Пкс 2\process\Процесс 1.json
2026-02-24T18:46:56+0300 INFO: Запуск процесса из студии разработки. D:\univer\korporat\Пкс 2\process\Процесс 1.json
2026-02-24T18:46:58+0300 INFO: Старт робота: D:\univer\korporat\Пкс 2\resource\240c3477-0f7f-42f8-b6bc-1587397a3ad9\makPal_291.py
2026-02-24T18:46:59+0300 ERROR: D:\univer\korporat\Пкс 2\resource\240c3477-0f7f-42f8-b6bc-1587397a3ad9\makPal_291.py Ошибка: 51
2026-02-24T18:47:04+0300 ERROR: Завершение выполнения процесса. D:\univer\korporat\Пкс 2\process\Процесс 1.json
