2026-04-15T00:01:24+0300 INFO: Старт робота: D:\univer\korporat\PR8_Sopina_RPA_Desktop_p2_Problem2_var28\resource\f9320a37-41a2-45af-9487-8118f0c32866\llirik_606.py
2026-04-15T00:02:00+0300 ERROR: D:\univer\korporat\PR8_Sopina_RPA_Desktop_p2_Problem2_var28\resource\f9320a37-41a2-45af-9487-8118f0c32866\llirik_606.py Ошибка: Find Control Timeout(10s): {Name: 'Form1', ClassName: 'WindowsForms10.Window.8.app.0.141b42a_r9_ad1', AutomationId: 'Form1', ControlType: WindowControl}
2026-04-15T00:02:35+0300 INFO: Старт робота: D:\univer\korporat\PR8_Sopina_RPA_Desktop_p2_Problem2_var28\resource\2573872b-47b0-4e67-8aae-299d8b4f8197\llirik_606.py
2026-04-15T00:03:13+0300 ERROR: D:\univer\korporat\PR8_Sopina_RPA_Desktop_p2_Problem2_var28\resource\2573872b-47b0-4e67-8aae-299d8b4f8197\llirik_606.py Ошибка: Find Control Timeout(10s): {Name: 'btnConfirmPayment', ClassName: 'WindowsForms10.BUTTON.app.0.141b42a_r9_ad1', AutomationId: 'btnConfirmPayment', ControlType: ButtonControl}
2026-04-15T00:04:30+0300 INFO: Старт робота: D:\univer\korporat\PR8_Sopina_RPA_Desktop_p2_Problem2_var28\resource\f4d2fa86-b42f-4acb-a7e7-f49063341d03\llirik_606.py
2026-04-15T00:04:56+0300 INFO: Завершение работы робота: D:\univer\korporat\PR8_Sopina_RPA_Desktop_p2_Problem2_var28\resource\f4d2fa86-b42f-4acb-a7e7-f49063341d03\llirik_606.py
2026-04-15T00:06:33+0300 INFO: Старт робота: D:\univer\korporat\PR8_Sopina_RPA_Desktop_p2_Problem2_var28\resource\6b7030d0-8208-48f5-9679-e334be75353f\llirik_606.py
2026-04-15T00:06:57+0300 INFO: Завершение работы робота: D:\univer\korporat\PR8_Sopina_RPA_Desktop_p2_Problem2_var28\resource\6b7030d0-8208-48f5-9679-e334be75353f\llirik_606.py
2026-04-15T00:08:34+0300 INFO: Старт робота: D:\univer\korporat\PR8_Sopina_RPA_Desktop_p2_Problem2_var28\resource\53a35574-68d7-4579-833c-28d5aba412ea\llirik_606.py
2026-04-15T00:08:58+0300 INFO: Завершение работы робота: D:\univer\korporat\PR8_Sopina_RPA_Desktop_p2_Problem2_var28\resource\53a35574-68d7-4579-833c-28d5aba412ea\llirik_606.py
2026-04-15T00:10:46+0300 INFO: Старт робота: D:\univer\korporat\PR8_Sopina_RPA_Desktop_p2_Problem2_var28\resource\933d2064-5106-4a86-860e-2e0a28185fc8\llirik_606.py
2026-04-15T00:11:22+0300 ERROR: D:\univer\korporat\PR8_Sopina_RPA_Desktop_p2_Problem2_var28\resource\933d2064-5106-4a86-860e-2e0a28185fc8\llirik_606.py Ошибка: Find Control Timeout(10s): {Name: 'Строка 0', ControlType: HeaderControl}
2026-04-15T00:15:16+0300 INFO: Старт робота: D:\univer\korporat\PR8_Sopina_RPA_Desktop_p2_Problem2_var28\resource\6a77f75d-e976-43ce-a589-7b198fa84cb5\llirik_606.py
2026-04-15T00:15:50+0300 ERROR: D:\univer\korporat\PR8_Sopina_RPA_Desktop_p2_Problem2_var28\resource\6a77f75d-e976-43ce-a589-7b198fa84cb5\llirik_606.py Ошибка: Find Control Timeout(10s): {ControlType: HeaderControl}
2026-04-15T00:17:56+0300 INFO: Старт робота: D:\univer\korporat\PR8_Sopina_RPA_Desktop_p2_Problem2_var28\resource\5aa560ae-dd3f-489d-a064-adfabe912472\llirik_606.py
2026-04-15T00:18:23+0300 INFO: Завершение работы робота: D:\univer\korporat\PR8_Sopina_RPA_Desktop_p2_Problem2_var28\resource\5aa560ae-dd3f-489d-a064-adfabe912472\llirik_606.py
2026-04-15T00:22:45+0300 INFO: Старт робота: D:\univer\korporat\PR8_Sopina_RPA_Desktop_p2_Problem2_var28\resource\5109a061-f9b9-4a7c-b205-4fb857981bff\llirik_606.py
2026-04-15T00:23:09+0300 INFO: Завершение работы робота: D:\univer\korporat\PR8_Sopina_RPA_Desktop_p2_Problem2_var28\resource\5109a061-f9b9-4a7c-b205-4fb857981bff\llirik_606.py
2026-04-15T00:27:52+0300 INFO: Старт робота: D:\univer\korporat\PR8_Sopina_RPA_Desktop_p2_Problem2_var28\resource\96b7f1af-3fa7-4b1c-979c-bc097e25fc3a\llirik_606.py
2026-04-15T00:28:28+0300 ERROR: D:\univer\korporat\PR8_Sopina_RPA_Desktop_p2_Problem2_var28\resource\96b7f1af-3fa7-4b1c-979c-bc097e25fc3a\llirik_606.py Ошибка: Find Control Timeout(10s): {Name: 'Form1', ClassName: 'WindowsForms10.Window.8.app.0.141b42a_r9_ad1', AutomationId: 'Form1', ControlType: WindowControl}
2026-04-15T00:29:07+0300 INFO: Старт робота: D:\univer\korporat\PR8_Sopina_RPA_Desktop_p2_Problem2_var28\resource\658eb94b-5578-4559-bcf6-b97d070b442d\llirik_606.py
2026-04-15T00:29:34+0300 INFO: Завершение работы робота: D:\univer\korporat\PR8_Sopina_RPA_Desktop_p2_Problem2_var28\resource\658eb94b-5578-4559-bcf6-b97d070b442d\llirik_606.py
2026-04-15T00:29:57+0300 INFO: Старт робота: D:\univer\korporat\PR8_Sopina_RPA_Desktop_p2_Problem2_var28\resource\1d4a6c9f-629a-4c26-bba8-0bed0b22fa50\llirik_606.py
2026-04-15T00:31:04+0300 INFO: Старт робота: D:\univer\korporat\PR8_Sopina_RPA_Desktop_p2_Problem2_var28\resource\866244b9-674c-4181-9c03-1c4e5e09291d\llirik_606.py
2026-04-15T00:31:28+0300 ERROR: D:\univer\korporat\PR8_Sopina_RPA_Desktop_p2_Problem2_var28\resource\866244b9-674c-4181-9c03-1c4e5e09291d\llirik_606.py Ошибка: unsupported operand type(s) for -: 'numpy.str_' and 'int'
2026-04-15T00:34:31+0300 INFO: Старт робота: D:\univer\korporat\PR8_Sopina_RPA_Desktop_p2_Problem2_var28\resource\c426b5bb-3a4b-469c-b37e-33f96870be4a\llirik_606.py
2026-04-15T00:34:55+0300 ERROR: D:\univer\korporat\PR8_Sopina_RPA_Desktop_p2_Problem2_var28\resource\c426b5bb-3a4b-469c-b37e-33f96870be4a\llirik_606.py Ошибка: 0
2026-04-15T00:36:56+0300 INFO: Старт робота: D:\univer\korporat\PR8_Sopina_RPA_Desktop_p2_Problem2_var28\resource\28b3104d-081a-48db-8fbe-c39593d17360\llirik_606.py
2026-04-15T00:37:20+0300 ERROR: D:\univer\korporat\PR8_Sopina_RPA_Desktop_p2_Problem2_var28\resource\28b3104d-081a-48db-8fbe-c39593d17360\llirik_606.py Ошибка: 0
2026-04-15T00:37:45+0300 INFO: Старт робота: D:\univer\korporat\PR8_Sopina_RPA_Desktop_p2_Problem2_var28\resource\8b0415a3-dfda-4762-99ed-0cb0da1c6ae6\llirik_606.py
2026-04-15T00:37:58+0300 ERROR: D:\univer\korporat\PR8_Sopina_RPA_Desktop_p2_Problem2_var28\resource\8b0415a3-dfda-4762-99ed-0cb0da1c6ae6\llirik_606.py Ошибка: 0
2026-04-15T00:38:46+0300 INFO: Старт робота: D:\univer\korporat\PR8_Sopina_RPA_Desktop_p2_Problem2_var28\resource\410a0727-9ff5-4f69-8b71-2f5b49750ab7\llirik_606.py
2026-04-15T00:38:59+0300 ERROR: D:\univer\korporat\PR8_Sopina_RPA_Desktop_p2_Problem2_var28\resource\410a0727-9ff5-4f69-8b71-2f5b49750ab7\llirik_606.py Ошибка: 1
2026-04-15T00:40:15+0300 INFO: Старт робота: D:\univer\korporat\PR8_Sopina_RPA_Desktop_p2_Problem2_var28\resource\fe97c714-b943-45af-8a76-3609538e3c03\llirik_606.py
2026-04-15T00:40:24+0300 ERROR: D:\univer\korporat\PR8_Sopina_RPA_Desktop_p2_Problem2_var28\resource\fe97c714-b943-45af-8a76-3609538e3c03\llirik_606.py Ошибка: 3
2026-04-15T00:40:51+0300 INFO: Старт робота: D:\univer\korporat\PR8_Sopina_RPA_Desktop_p2_Problem2_var28\resource\c55decbe-30e9-4d63-ab25-b875affc79d7\llirik_606.py
2026-04-15T00:41:00+0300 ERROR: D:\univer\korporat\PR8_Sopina_RPA_Desktop_p2_Problem2_var28\resource\c55decbe-30e9-4d63-ab25-b875affc79d7\llirik_606.py Ошибка: 3
2026-04-15T00:41:15+0300 INFO: Старт робота: D:\univer\korporat\PR8_Sopina_RPA_Desktop_p2_Problem2_var28\resource\2b9b28be-4dbb-4c55-a30e-a5e46e33a628\llirik_606.py
2026-04-15T00:41:28+0300 ERROR: D:\univer\korporat\PR8_Sopina_RPA_Desktop_p2_Problem2_var28\resource\2b9b28be-4dbb-4c55-a30e-a5e46e33a628\llirik_606.py Ошибка: 5
2026-04-15T00:42:44+0300 INFO: Старт робота: D:\univer\korporat\PR8_Sopina_RPA_Desktop_p2_Problem2_var28\resource\6e25c97e-a748-40e4-b361-5a87b4dd6546\llirik_606.py
2026-04-15T00:42:57+0300 INFO: Завершение работы робота: D:\univer\korporat\PR8_Sopina_RPA_Desktop_p2_Problem2_var28\resource\6e25c97e-a748-40e4-b361-5a87b4dd6546\llirik_606.py
2026-04-15T00:46:55+0300 INFO: Старт робота: D:\univer\korporat\PR8_Sopina_RPA_Desktop_p2_Problem2_var28\resource\4ada18cf-ea71-48ec-a530-9261c4dabb01\llirik_606.py
2026-04-15T00:47:08+0300 INFO: Завершение работы робота: D:\univer\korporat\PR8_Sopina_RPA_Desktop_p2_Problem2_var28\resource\4ada18cf-ea71-48ec-a530-9261c4dabb01\llirik_606.py
2026-04-15T00:47:51+0300 INFO: Старт робота: D:\univer\korporat\PR8_Sopina_RPA_Desktop_p2_Problem2_var28\resource\148555aa-d0d4-48eb-9e46-1ac061b10a74\llirik_606.py
2026-04-15T00:48:04+0300 INFO: Завершение работы робота: D:\univer\korporat\PR8_Sopina_RPA_Desktop_p2_Problem2_var28\resource\148555aa-d0d4-48eb-9e46-1ac061b10a74\llirik_606.py
2026-04-15T00:50:36+0300 INFO: Старт робота: D:\univer\korporat\PR8_Sopina_RPA_Desktop_p2_Problem2_var28\resource\96b62258-3327-4aa5-8186-a021d922d117\llirik_606.py
2026-04-15T00:50:50+0300 INFO: Завершение работы робота: D:\univer\korporat\PR8_Sopina_RPA_Desktop_p2_Problem2_var28\resource\96b62258-3327-4aa5-8186-a021d922d117\llirik_606.py
2026-04-15T00:51:46+0300 INFO: Старт робота: D:\univer\korporat\PR8_Sopina_RPA_Desktop_p2_Problem2_var28\resource\d3889a94-cdd9-4dee-8690-1f8b817ed613\llirik_606.py
2026-04-15T00:51:58+0300 INFO: Завершение работы робота: D:\univer\korporat\PR8_Sopina_RPA_Desktop_p2_Problem2_var28\resource\d3889a94-cdd9-4dee-8690-1f8b817ed613\llirik_606.py
2026-04-15T00:52:55+0300 INFO: Старт робота: D:\univer\korporat\PR8_Sopina_RPA_Desktop_p2_Problem2_var28\resource\a4831ae1-9097-455c-93f7-2b15efd866d8\llirik_606.py
2026-04-15T00:53:07+0300 INFO: Завершение работы робота: D:\univer\korporat\PR8_Sopina_RPA_Desktop_p2_Problem2_var28\resource\a4831ae1-9097-455c-93f7-2b15efd866d8\llirik_606.py
2026-04-15T13:20:20+0300 INFO: Запуск процесса из студии разработки. D:\univer\korporat\PR8_Sopina_RPA_Desktop_p2_Problem2_var28\process\Процесс 1.json
2026-04-15T13:20:24+0300 INFO: Старт робота: D:\univer\korporat\PR8_Sopina_RPA_Desktop_p2_Problem2_var28\resource\ffd46de4-59d7-437a-94ee-75d8cf5e6517\llirik_606.py
2026-04-15T13:21:38+0300 INFO: Завершение работы робота: D:\univer\korporat\PR8_Sopina_RPA_Desktop_p2_Problem2_var28\resource\ffd46de4-59d7-437a-94ee-75d8cf5e6517\llirik_606.py
2026-04-15T13:21:38+0300 INFO: Завершение выполнения процесса. D:\univer\korporat\PR8_Sopina_RPA_Desktop_p2_Problem2_var28\process\Процесс 1.json
2026-04-15T13:22:27+0300 INFO: Запуск процесса из студии разработки. D:\univer\korporat\PR8_Sopina_RPA_Desktop_p2_Problem2_var28\process\Процесс 1.json
2026-04-15T13:22:30+0300 INFO: Старт робота: D:\univer\korporat\PR8_Sopina_RPA_Desktop_p2_Problem2_var28\resource\ebb87114-7cef-4f11-8763-a5e84019c585\llirik_606.py
2026-04-15T13:23:03+0300 INFO: Завершение работы робота: D:\univer\korporat\PR8_Sopina_RPA_Desktop_p2_Problem2_var28\resource\ebb87114-7cef-4f11-8763-a5e84019c585\llirik_606.py
2026-04-15T13:23:03+0300 INFO: Завершение выполнения процесса. D:\univer\korporat\PR8_Sopina_RPA_Desktop_p2_Problem2_var28\process\Процесс 1.json
2026-04-15T13:23:15+0300 INFO: Запуск процесса из студии разработки. D:\univer\korporat\PR8_Sopina_RPA_Desktop_p2_Problem2_var28\process\Процесс 1.json
2026-04-15T13:23:18+0300 INFO: Старт робота: D:\univer\korporat\PR8_Sopina_RPA_Desktop_p2_Problem2_var28\resource\36a0d925-562c-4dc9-b8e3-146728ea277e\llirik_606.py
2026-04-15T13:23:54+0300 INFO: Завершение работы робота: D:\univer\korporat\PR8_Sopina_RPA_Desktop_p2_Problem2_var28\resource\36a0d925-562c-4dc9-b8e3-146728ea277e\llirik_606.py
2026-04-15T13:23:55+0300 INFO: Завершение выполнения процесса. D:\univer\korporat\PR8_Sopina_RPA_Desktop_p2_Problem2_var28\process\Процесс 1.json
2026-04-15T13:24:31+0300 INFO: Запуск процесса из студии разработки. D:\univer\korporat\PR8_Sopina_RPA_Desktop_p2_Problem2_var28\process\Процесс 1.json
2026-04-15T13:24:34+0300 INFO: Старт робота: D:\univer\korporat\PR8_Sopina_RPA_Desktop_p2_Problem2_var28\resource\53e4e6f6-cf98-4326-9bc1-fa469115b2c8\llirik_606.py
2026-04-15T13:25:10+0300 INFO: Завершение работы робота: D:\univer\korporat\PR8_Sopina_RPA_Desktop_p2_Problem2_var28\resource\53e4e6f6-cf98-4326-9bc1-fa469115b2c8\llirik_606.py
2026-04-15T13:25:10+0300 INFO: Завершение выполнения процесса. D:\univer\korporat\PR8_Sopina_RPA_Desktop_p2_Problem2_var28\process\Процесс 1.json
2026-04-15T13:25:19+0300 INFO: Запуск процесса из студии разработки. D:\univer\korporat\PR8_Sopina_RPA_Desktop_p2_Problem2_var28\process\Процесс 1.json
2026-04-15T13:25:22+0300 INFO: Старт робота: D:\univer\korporat\PR8_Sopina_RPA_Desktop_p2_Problem2_var28\resource\287f5f20-d10b-4c41-9a8d-d3f5cce4da35\llirik_606.py
2026-04-15T13:26:34+0300 INFO: Завершение работы робота: D:\univer\korporat\PR8_Sopina_RPA_Desktop_p2_Problem2_var28\resource\287f5f20-d10b-4c41-9a8d-d3f5cce4da35\llirik_606.py
2026-04-15T13:26:35+0300 INFO: Завершение выполнения процесса. D:\univer\korporat\PR8_Sopina_RPA_Desktop_p2_Problem2_var28\process\Процесс 1.json
2026-04-15T13:38:50+0300 INFO: Запуск процесса из студии разработки. D:\univer\korporat\PR8_Sopina_RPA_Desktop_p2_Problem2_var28\process\Процесс 1.json
2026-04-15T13:38:54+0300 ERROR: Завершение выполнения процесса. D:\univer\korporat\PR8_Sopina_RPA_Desktop_p2_Problem2_var28\process\Процесс 1.json
2026-04-15T13:41:31+0300 INFO: Запуск процесса из студии разработки. D:\univer\korporat\PR8_Sopina_RPA_Desktop_p2_Problem2_var28\process\Процесс 1.json
2026-04-15T13:41:34+0300 INFO: Старт робота: D:\univer\korporat\PR8_Sopina_RPA_Desktop_p2_Problem2_var28\resource\f488f752-4342-4473-855b-c96daa6808a0\llirik_606.py
2026-04-15T13:42:48+0300 INFO: Завершение работы робота: D:\univer\korporat\PR8_Sopina_RPA_Desktop_p2_Problem2_var28\resource\f488f752-4342-4473-855b-c96daa6808a0\llirik_606.py
2026-04-15T13:42:48+0300 INFO: Завершение выполнения процесса. D:\univer\korporat\PR8_Sopina_RPA_Desktop_p2_Problem2_var28\process\Процесс 1.json
2026-04-15T13:57:41+0300 INFO: Запуск процесса из студии разработки. D:\univer\korporat\PR8_Sopina_RPA_Desktop_p2_Problem2_var28\process\Процесс 1.json
2026-04-15T13:57:44+0300 INFO: Старт робота: D:\univer\korporat\PR8_Sopina_RPA_Desktop_p2_Problem2_var28\resource\b20bc2ac-337a-4091-999a-1ea2f375005e\llirik_606.py
2026-04-15T13:58:58+0300 ERROR: D:\univer\korporat\PR8_Sopina_RPA_Desktop_p2_Problem2_var28\resource\b20bc2ac-337a-4091-999a-1ea2f375005e\llirik_606.py Ошибка: None
2026-04-15T13:59:08+0300 ERROR: Завершение выполнения процесса. D:\univer\korporat\PR8_Sopina_RPA_Desktop_p2_Problem2_var28\process\Процесс 1.json
2026-04-15T14:01:03+0300 INFO: Запуск процесса из студии разработки. D:\univer\korporat\PR8_Sopina_RPA_Desktop_p2_Problem2_var28\process\Процесс 1.json
2026-04-15T14:01:05+0300 INFO: Старт робота: D:\univer\korporat\PR8_Sopina_RPA_Desktop_p2_Problem2_var28\resource\1a897f4d-75cf-477f-b943-2612d2a02b48\llirik_606.py
2026-04-15T14:01:39+0300 ERROR: D:\univer\korporat\PR8_Sopina_RPA_Desktop_p2_Problem2_var28\resource\1a897f4d-75cf-477f-b943-2612d2a02b48\llirik_606.py Ошибка: None
2026-04-15T14:01:45+0300 ERROR: Завершение выполнения процесса. D:\univer\korporat\PR8_Sopina_RPA_Desktop_p2_Problem2_var28\process\Процесс 1.json
2026-04-15T14:04:09+0300 INFO: Запуск процесса из студии разработки. D:\univer\korporat\PR8_Sopina_RPA_Desktop_p2_Problem2_var28\process\Процесс 1.json
2026-04-15T14:04:12+0300 INFO: Старт робота: D:\univer\korporat\PR8_Sopina_RPA_Desktop_p2_Problem2_var28\resource\ebf3bc9f-bc40-4fd1-b560-656f37765534\llirik_606.py
2026-04-15T14:04:46+0300 ERROR: D:\univer\korporat\PR8_Sopina_RPA_Desktop_p2_Problem2_var28\resource\ebf3bc9f-bc40-4fd1-b560-656f37765534\llirik_606.py Ошибка: None
2026-04-15T14:04:49+0300 ERROR: Завершение выполнения процесса. D:\univer\korporat\PR8_Sopina_RPA_Desktop_p2_Problem2_var28\process\Процесс 1.json
2026-04-15T14:06:47+0300 INFO: Запуск процесса из студии разработки. D:\univer\korporat\PR8_Sopina_RPA_Desktop_p2_Problem2_var28\process\Процесс 1.json
2026-04-15T14:06:50+0300 INFO: Старт робота: D:\univer\korporat\PR8_Sopina_RPA_Desktop_p2_Problem2_var28\resource\61d68e7e-6353-4ff7-b21d-0069406bae3b\llirik_606.py
2026-04-15T14:07:24+0300 ERROR: D:\univer\korporat\PR8_Sopina_RPA_Desktop_p2_Problem2_var28\resource\61d68e7e-6353-4ff7-b21d-0069406bae3b\llirik_606.py Ошибка: 5
2026-04-15T14:07:32+0300 ERROR: Завершение выполнения процесса. D:\univer\korporat\PR8_Sopina_RPA_Desktop_p2_Problem2_var28\process\Процесс 1.json
2026-04-15T14:08:07+0300 INFO: Запуск процесса из студии разработки. D:\univer\korporat\PR8_Sopina_RPA_Desktop_p2_Problem2_var28\process\Процесс 1.json
2026-04-15T14:08:10+0300 INFO: Старт робота: D:\univer\korporat\PR8_Sopina_RPA_Desktop_p2_Problem2_var28\resource\4e05fd88-2e07-4414-99a5-9550eee7f322\llirik_606.py
2026-04-15T14:08:44+0300 ERROR: D:\univer\korporat\PR8_Sopina_RPA_Desktop_p2_Problem2_var28\resource\4e05fd88-2e07-4414-99a5-9550eee7f322\llirik_606.py Ошибка: 4
2026-04-15T14:08:54+0300 ERROR: Завершение выполнения процесса. D:\univer\korporat\PR8_Sopina_RPA_Desktop_p2_Problem2_var28\process\Процесс 1.json
2026-04-15T14:10:26+0300 INFO: Запуск процесса из студии разработки. D:\univer\korporat\PR8_Sopina_RPA_Desktop_p2_Problem2_var28\process\Процесс 1.json
2026-04-15T14:10:29+0300 INFO: Старт робота: D:\univer\korporat\PR8_Sopina_RPA_Desktop_p2_Problem2_var28\resource\cc9453aa-769d-45a0-840f-68322067d970\llirik_606.py
2026-04-15T14:11:03+0300 ERROR: D:\univer\korporat\PR8_Sopina_RPA_Desktop_p2_Problem2_var28\resource\cc9453aa-769d-45a0-840f-68322067d970\llirik_606.py Ошибка: string index out of range
2026-04-15T14:11:11+0300 ERROR: Завершение выполнения процесса. D:\univer\korporat\PR8_Sopina_RPA_Desktop_p2_Problem2_var28\process\Процесс 1.json
